Microchip MPLAB XC8 Compiler V2.20

Linker command line:

-W-3 --edf=D:\Program Files\Microchip\xc8\v2.20\pic\dat\en_msgs.txt -cn \
  -h+dist/default/production\BluJoy.X.production.sym \
  --cmf=dist/default/production\BluJoy.X.production.cmf -z -Q16LF18446 \
  -oC:\Users\Phil\AppData\Local\Temp\s1b9jk.2 --defsym=__MPLAB_BUILD=1 \
  -Mdist/default/production/BluJoy.X.production.map -E1 -ver=XC8 Compiler \
  --acfsm=1493 -ASTACK=02160h-027EFh -pstack=STACK -ACODE=00h-07FFhx8 \
  -ASTRCODE=00h-03FFFh -ASTRING=00h-0FFhx64 -ACONST=00h-0FFhx64 \
  -AENTRY=00h-0FFhx64 -ACOMMON=070h-07Fh -ABANK0=020h-06Fh \
  -ABANK1=0A0h-0EFh -ABANK2=0120h-016Fh -ABANK3=01A0h-01EFh \
  -ABANK4=0220h-026Fh -ABANK5=02A0h-02EFh -ABANK6=0320h-036Fh \
  -ABANK7=03A0h-03EFh -ABANK8=0420h-046Fh -ABANK9=04A0h-04EFh \
  -ABANK10=0520h-056Fh -ABANK11=05A0h-05EFh -ABANK12=0620h-066Fh \
  -ABANK13=06A0h-06EFh -ABANK14=0720h-076Fh -ABANK15=07A0h-07EFh \
  -ABANK16=0820h-086Fh -ABANK17=08A0h-08EFh -ABANK18=0920h-096Fh \
  -ABANK19=09A0h-09EFh -ABANK20=0A20h-0A6Fh -ABANK21=0AA0h-0AEFh \
  -ABANK22=0B20h-0B6Fh -ABANK23=0BA0h-0BEFh -ABANK24=0C20h-0C6Fh \
  -ABANK25=0CA0h-0CBFh -ABIGRAM=02000h-027EFh \
  -ARAM=020h-06Fh,0A0h-0EFh,0120h-016Fh,01A0h-01EFh,0220h-026Fh,02A0h-02EFh,0320h-036Fh,03A0h-03EFh,0420h-046Fh,04A0h-04EFh,0520h-056Fh,05A0h-05EFh,0620h-066Fh,06A0h-06EFh,0720h-076Fh,07A0h-07EFh,0820h-086Fh,08A0h-08EFh,0920h-096Fh,09A0h-09EFh,0A20h-0A6Fh,0AA0h-0AEFh,0B20h-0B6Fh,0BA0h-0BEFh,0C20h-0C6Fh,0CA0h-0CBFh \
  -AABS1=020h-07Fh,0A0h-0EFh,0120h-016Fh,01A0h-01EFh,0220h-026Fh,02A0h-02EFh,0320h-036Fh,03A0h-03EFh,0420h-046Fh,04A0h-04EFh,0520h-056Fh,05A0h-05EFh,0620h-066Fh,06A0h-06EFh,0720h-076Fh,07A0h-07EFh,0820h-086Fh,08A0h-08EFh,0920h-096Fh,09A0h-09EFh,0A20h-0A6Fh,0AA0h-0AEFh,0B20h-0B6Fh,0BA0h-0BEFh,0C20h-0C6Fh,0CA0h-0CBFh \
  -ASFR0=00h-01Fh -ASFR1=080h-09Fh -ASFR2=0100h-011Fh -ASFR3=0180h-019Fh \
  -ASFR4=0200h-021Fh -ASFR5=0280h-029Fh -ASFR6=0300h-031Fh \
  -ASFR7=0380h-039Fh -ASFR8=0400h-041Fh -ASFR9=0480h-049Fh \
  -ASFR10=0500h-051Fh -ASFR11=0580h-059Fh -ASFR12=0600h-061Fh \
  -ASFR13=0680h-069Fh -ASFR14=0700h-071Fh -ASFR15=0780h-079Fh \
  -ASFR16=0800h-081Fh -ASFR17=0880h-089Fh -ASFR18=0900h-091Fh \
  -ASFR19=0980h-099Fh -ASFR20=0A00h-0A1Fh -ASFR21=0A80h-0A9Fh \
  -ASFR22=0B00h-0B1Fh -ASFR23=0B80h-0B9Fh -ASFR24=0C00h-0C1Fh \
  -ASFR25=0C80h-0C9Fh -ASFR26=0D00h-0D6Fh -ASFR27=0D80h-0DEFh \
  -ASFR28=0E00h-0E6Fh -ASFR29=0E80h-0EEFh -ASFR30=0F00h-0F6Fh \
  -ASFR31=0F80h-0FEFh -ASFR32=01000h-0106Fh -ASFR33=01080h-010EFh \
  -ASFR34=01100h-0116Fh -ASFR35=01180h-011EFh -ASFR36=01200h-0126Fh \
  -ASFR37=01280h-012EFh -ASFR38=01300h-0136Fh -ASFR39=01380h-013EFh \
  -ASFR40=01400h-0146Fh -ASFR41=01480h-014EFh -ASFR42=01500h-0156Fh \
  -ASFR43=01580h-015EFh -ASFR44=01600h-0166Fh -ASFR45=01680h-016EFh \
  -ASFR46=01700h-0176Fh -ASFR47=01780h-017EFh -ASFR48=01800h-0186Fh \
  -ASFR49=01880h-018EFh -ASFR50=01900h-0196Fh -ASFR51=01980h-019EFh \
  -ASFR52=01A00h-01A6Fh -ASFR53=01A80h-01AEFh -ASFR54=01B00h-01B6Fh \
  -ASFR55=01B80h-01BEFh -ASFR56=01C00h-01C6Fh -ASFR57=01C80h-01CEFh \
  -ASFR58=01D00h-01D6Fh -ASFR59=01D80h-01DEFh -ASFR60=01E00h-01E6Fh \
  -ASFR61=01E80h-01EEFh -ASFR62=01F00h-01F6Fh -ASFR63=01F80h-01FEFh \
  -ACONFIG=08007h-0800Bh -DCONFIG=2 -AIDLOC=08000h-08003h -DIDLOC=2 \
  -preset_vec=00h,intentry=04h,init,end_init -ppowerup=CODE -pcinit=CODE \
  -pfunctab=ENTRY -AEEDATA=00h-0FFh/0F000h -peeprom_data=EEDATA -DEEDATA=2 \
  -DCODE=2 -DSTRCODE=2 -DSTRING=2 -DCONST=2 -DENTRY=2 -k \
  C:\Users\Phil\AppData\Local\Temp\s1b9jk.o \
  dist/default/production\BluJoy.X.production.o 

Object code version is 3.11

Machine type is 16LF18446



                Name                               Link     Load   Length Selector   Space Scale
C:\Users\Phil\AppData\Local\Temp\s1b9jk.o
                end_init                             5B       5B        2        8       0
                reset_vec                             0        0        2        0       0
                config                             8007     8007        5        0       4
dist/default/production\BluJoy.X.production.o
                cinit                                5D       5D       45        8       0
                intentry                              4        4       57        8       0
                config                             8007     8007        5        0       4
                text118                            17AC     17AC       1B     2F58       0
                text117                            147B     147B        4     28F6       0
                text116                            1473     1473        1     28E6       0
                text115                            147F     147F        4     28FE       0
                text114                             BDD      BDD       41     17BA       0
                text113                             8F2      8F2       23     11E4       0
                text112                            15DF     15DF        F     2BBE       0
                text111                            1474     1474        1     28E8       0
                text110                            1487     1487        5     290E       0
                text109                             800      800        1        8       0
                text108                            15EE     15EE        F     2BDC       0
                text107                            161C     161C       11     2C38       0
                text106                             D8A      D8A       54     1B14       0
                text105                             AE9      AE9       2E     15D2       0
                text104                             F46      F46       5D     1E8C       0
                text103                             98A      98A       2B     1314       0
                text102                            14B7     14B7        9     296E       0
                text101                             A0B      A0B       2C     1416       0
                text100                             802      802       12     1004       0
                text99                              B17      B17       2E     162E       0
                text98                              A8F      A8F       2D     151E       0
                text97                              A37      A37       2C     146E       0
                text96                             14C0     14C0        9     2980       0
                text95                             1550     1550        A     2AA0       0
                text94                             16EB     16EB       16     2DD6       0
                text93                             162D     162D       11     2C5A       0
                text92                             155A     155A        A     2AB4       0
                text91                              2A4      2A4      119        8       0
                text90                              801      801        1     1002       0
                text89                             158F     158F        D     2B1E       0
                text88                             163E     163E       11     2C7C       0
                text87                             15C3     15C3        E     2B86       0
                text86                              86F      86F       20     10DE       0
                text85                                2        2        1        0       0
                text84                             159C     159C        D     2B38       0
                text83                             1491     1491        6     2922       0
                text82                              BA2      BA2       3B     1744       0
                text81                                3        3        1        6       0
                text80                             15A9     15A9        D     2B52       0
                text79                             164F     164F       11     2C9E       0
                text78                             15D1     15D1        E     2BA2       0
                text76                             14C9     14C9        9     2992       0
                text75                             14D2     14D2        9     29A4       0
                text74                             14DB     14DB        9     29B6       0
                text73                             14E4     14E4        9     29C8       0
                text72                             14ED     14ED        9     29DA       0
                text71                              C1E      C1E       44     183C       0
                text70                             14F6     14F6        9     29EC       0
                text69                             14FF     14FF        9     29FE       0
                text68                             1508     1508        9     2A10       0
                text67                              CA8      CA8       47     1950       0
                text66                             1564     1564        A     2AC8       0
                text65                             1511     1511        9     2A22       0
                text64                              88F      88F       21     111E       0
                text63                             151A     151A        9     2A34       0
                text62                             172D     172D       17     2E5A       0
                text61                             1523     1523        9     2A46       0
                text60                              8B0      8B0       21     1160       0
                text59                             1701     1701       16     2E02       0
                text58                             156E     156E        A     2ADC       0
                text57                             1717     1717       16     2E2E       0
                text56                              9B5      9B5       2B     136A       0
                text55                             1682     1682       15     2D04       0
                text54                              850      850       1F     10A0       0
                text53                             1583     1583        C     2B06       0
                text52                             1697     1697       15     2D2E       0
                text51                              6B4      6B4       A5        8       0
                text50                              939      939       27     1272       0
                text49                             17C7     17C7       1C     2F8E       0
                text48                              B73      B73       2F     16E6       0
                text47                             15FD     15FD        F     2BFA       0
                text46                              C62      C62       46     18C4       0
                text45                             1475     1475        3     28EA       0
                text44                              E32      E32       5C     1C64       0
                text43                              CEF      CEF       4D     19DE       0
                text42                             15B6     15B6        D     2B6C       0
                text41                             1744     1744       1A     2E88       0
                text40                              915      915       24     122A       0
                text39                              814      814       1E     1028       0
                text38                             17E3     17E3       1D     2FC6       0
                text37                              DDE      DDE       54     1BBC       0
                text36                              960      960       2A     12C0       0
                text35                             1478     1478        3     28F0       0
                text34                             148C     148C        5     2918       0
                text33                             16AC     16AC       15     2D58       0
                text32                              ABC      ABC       2D     1578       0
                text31                             152C     152C        9     2A58       0
                text30                              E8E      E8E       5C     1D1C       0
                text29                              8D1      8D1       21     11A2       0
                text28                              A63      A63       2C     14C6       0
                text27                             1535     1535        9     2A6A       0
                text26                              B45      B45       2E     168A       0
                text25                             175E     175E       1A     2EBC       0
                text24                             1778     1778       1A     2EF0       0
                text23                             1792     1792       1A     2F24       0
                text22                              EEA      EEA       5C     1DD4       0
                text21                              D3C      D3C       4E     1A78       0
                text20                              490      490       BF        8       0
                text19                              7FD      7FD        3        8       0
                text18                             1660     1660       11     2CC0       0
                text17                             153E     153E        9     2A7C       0
                text16                             1578     1578        B     2AF0       0
                text15                             16C1     16C1       15     2D82       0
                text14                             14A9     14A9        7     2952       0
                text13                             14B0     14B0        7     2960       0
                text12                             16D6     16D6       15     2DAC       0
                text11                              7CD      7CD       30        8       0
                text10                              3BD      3BD       D3        8       0
                text9                               759      759       74        8       0
                text8                               54F      54F       BE        8       0
                text7                               60D      60D       A7        8       0
                text6                                A2       A2      202        8       0
                text5                               832      832       1E     1064       0
                text4                              1671     1671       11     2CE2       0
                text3                               9E0      9E0       2B     13C0       0
                text2                              1483     1483        4     2906       0
                text1                              1547     1547        9     2A8E       0
                maintext                            FA3      FA3       5D     1F46       0
                cstackBANK0                          20       20       25       20       1
                cstackCOMMON                         70       70        D       70       1
                cstackBANK1                          EA       EA        6       A0       1
                clrtext                            1497     1497        6     292E       0
                inittext                           149D     149D        6     293A       0
                bssBANK4                            220      220       20      220       1
                bssBANK3                            1A0      1A0       48      1A0       1
                bssBANK2                            120      120       40      120       1
                dataBANK1                            DA       DA       10       A0       1
                bssBANK1                             A0       A0       22       A0       1
                dataBANK0                            62       62        6       20       1
                bssBANK0                             45       45       1D       20       1
                bssCOMMON                            7D       7D        1       70       1
                bssEEDATA                             0     F000        2    1E000       3
                stringtext12                       1855     1855        3     3000       0
                stringtext11                       1852     1852        3     3000       0
                stringtext10                       184C     184C        6     3000       0
                stringtext9                        1846     1846        6     3000       0
                stringtext8                        183F     183F        7     3000       0
                stringtext7                        1836     1836        9     3000       0
                stringtext6                        182D     182D        9     3000       0
                stringtext5                        1824     1824        9     3000       0
                stringtext4                        181B     181B        9     3000       0
                stringtext3                        1812     1812        9     3000       0
                stringtext2                        1809     1809        9     3000       0
                stringtext1                        1800     1800        9     3000       0
                nvBANK1                              C2       C2       18       A0       1
                nvBANK0                              68       68        1       20       1
                idataBANK1                         160C     160C       10     2C18       0
                idataBANK0                         14A3     14A3        6     2946       0

TOTAL           Name                               Link     Load   Length     Space
        CLASS   STACK          

        CLASS   CODE           
                end_init                             5B       5B        2         0
                cinit                                5D       5D       45         0
                intentry                              4        4       57         0
                reset_vec                             0        0        2         0
                text118                            17AC     17AC       1B         0
                text117                            147B     147B        4         0
                text116                            1473     1473        1         0
                text115                            147F     147F        4         0
                text114                             BDD      BDD       41         0
                text113                             8F2      8F2       23         0
                text112                            15DF     15DF        F         0
                text111                            1474     1474        1         0
                text110                            1487     1487        5         0
                text109                             800      800        1         0
                text108                            15EE     15EE        F         0
                text107                            161C     161C       11         0
                text106                             D8A      D8A       54         0
                text105                             AE9      AE9       2E         0
                text104                             F46      F46       5D         0
                text103                             98A      98A       2B         0
                text102                            14B7     14B7        9         0
                text101                             A0B      A0B       2C         0
                text100                             802      802       12         0
                text99                              B17      B17       2E         0
                text98                              A8F      A8F       2D         0
                text97                              A37      A37       2C         0
                text96                             14C0     14C0        9         0
                text95                             1550     1550        A         0
                text94                             16EB     16EB       16         0
                text93                             162D     162D       11         0
                text92                             155A     155A        A         0
                text91                              2A4      2A4      119         0
                text90                              801      801        1         0
                text89                             158F     158F        D         0
                text88                             163E     163E       11         0
                text87                             15C3     15C3        E         0
                text86                              86F      86F       20         0
                text85                                2        2        1         0
                text84                             159C     159C        D         0
                text83                             1491     1491        6         0
                text82                              BA2      BA2       3B         0
                text81                                3        3        1         0
                text80                             15A9     15A9        D         0
                text79                             164F     164F       11         0
                text78                             15D1     15D1        E         0
                text76                             14C9     14C9        9         0
                text75                             14D2     14D2        9         0
                text74                             14DB     14DB        9         0
                text73                             14E4     14E4        9         0
                text72                             14ED     14ED        9         0
                text71                              C1E      C1E       44         0
                text70                             14F6     14F6        9         0
                text69                             14FF     14FF        9         0
                text68                             1508     1508        9         0
                text67                              CA8      CA8       47         0
                text66                             1564     1564        A         0
                text65                             1511     1511        9         0
                text64                              88F      88F       21         0
                text63                             151A     151A        9         0
                text62                             172D     172D       17         0
                text61                             1523     1523        9         0
                text60                              8B0      8B0       21         0
                text59                             1701     1701       16         0
                text58                             156E     156E        A         0
                text57                             1717     1717       16         0
                text56                              9B5      9B5       2B         0
                text55                             1682     1682       15         0
                text54                              850      850       1F         0
                text53                             1583     1583        C         0
                text52                             1697     1697       15         0
                text51                              6B4      6B4       A5         0
                text50                              939      939       27         0
                text49                             17C7     17C7       1C         0
                text48                              B73      B73       2F         0
                text47                             15FD     15FD        F         0
                text46                              C62      C62       46         0
                text45                             1475     1475        3         0
                text44                              E32      E32       5C         0
                text43                              CEF      CEF       4D         0
                text42                             15B6     15B6        D         0
                text41                             1744     1744       1A         0
                text40                              915      915       24         0
                text39                              814      814       1E         0
                text38                             17E3     17E3       1D         0
                text37                              DDE      DDE       54         0
                text36                              960      960       2A         0
                text35                             1478     1478        3         0
                text34                             148C     148C        5         0
                text33                             16AC     16AC       15         0
                text32                              ABC      ABC       2D         0
                text31                             152C     152C        9         0
                text30                              E8E      E8E       5C         0
                text29                              8D1      8D1       21         0
                text28                              A63      A63       2C         0
                text27                             1535     1535        9         0
                text26                              B45      B45       2E         0
                text25                             175E     175E       1A         0
                text24                             1778     1778       1A         0
                text23                             1792     1792       1A         0
                text22                              EEA      EEA       5C         0
                text21                              D3C      D3C       4E         0
                text20                              490      490       BF         0
                text19                              7FD      7FD        3         0
                text18                             1660     1660       11         0
                text17                             153E     153E        9         0
                text16                             1578     1578        B         0
                text15                             16C1     16C1       15         0
                text14                             14A9     14A9        7         0
                text13                             14B0     14B0        7         0
                text12                             16D6     16D6       15         0
                text11                              7CD      7CD       30         0
                text10                              3BD      3BD       D3         0
                text9                               759      759       74         0
                text8                               54F      54F       BE         0
                text7                               60D      60D       A7         0
                text6                                A2       A2      202         0
                text5                               832      832       1E         0
                text4                              1671     1671       11         0
                text3                               9E0      9E0       2B         0
                text2                              1483     1483        4         0
                text1                              1547     1547        9         0
                maintext                            FA3      FA3       5D         0
                clrtext                            1497     1497        6         0
                inittext                           149D     149D        6         0
                idataBANK1                         160C     160C       10         0
                idataBANK0                         14A3     14A3        6         0

        CLASS   STRCODE        
                stringtext12                       1855     1855        3         0
                stringtext11                       1852     1852        3         0
                stringtext10                       184C     184C        6         0
                stringtext9                        1846     1846        6         0
                stringtext8                        183F     183F        7         0
                stringtext7                        1836     1836        9         0
                stringtext6                        182D     182D        9         0
                stringtext5                        1824     1824        9         0
                stringtext4                        181B     181B        9         0
                stringtext3                        1812     1812        9         0
                stringtext2                        1809     1809        9         0
                stringtext1                        1800     1800        9         0

        CLASS   STRING         

        CLASS   CONST          

        CLASS   ENTRY          

        CLASS   COMMON         
                cstackCOMMON                         70       70        D         1
                bssCOMMON                            7D       7D        1         1

        CLASS   BANK0          
                cstackBANK0                          20       20       25         1
                dataBANK0                            62       62        6         1
                bssBANK0                             45       45       1D         1
                nvBANK0                              68       68        1         1

        CLASS   BANK1          
                cstackBANK1                          EA       EA        6         1
                dataBANK1                            DA       DA       10         1
                bssBANK1                             A0       A0       22         1
                nvBANK1                              C2       C2       18         1

        CLASS   BANK2          
                bssBANK2                            120      120       40         1

        CLASS   BANK3          
                bssBANK3                            1A0      1A0       48         1

        CLASS   BANK4          
                bssBANK4                            220      220       20         1

        CLASS   BANK5          

        CLASS   BANK6          

        CLASS   BANK7          

        CLASS   BANK8          

        CLASS   BANK9          

        CLASS   BANK10         

        CLASS   BANK11         

        CLASS   BANK12         

        CLASS   BANK13         

        CLASS   BANK14         

        CLASS   BANK15         

        CLASS   BANK16         

        CLASS   BANK17         

        CLASS   BANK18         

        CLASS   BANK19         

        CLASS   BANK20         

        CLASS   BANK21         

        CLASS   BANK22         

        CLASS   BANK23         

        CLASS   BANK24         

        CLASS   BANK25         

        CLASS   BIGRAM         

        CLASS   RAM            

        CLASS   ABS1           
                abs_s1                               7E       7E        2         1

        CLASS   SFR0           

        CLASS   SFR1           

        CLASS   SFR2           

        CLASS   SFR3           

        CLASS   SFR4           

        CLASS   SFR5           

        CLASS   SFR6           

        CLASS   SFR7           

        CLASS   SFR8           

        CLASS   SFR9           

        CLASS   SFR10          

        CLASS   SFR11          

        CLASS   SFR12          

        CLASS   SFR13          

        CLASS   SFR14          

        CLASS   SFR15          

        CLASS   SFR16          

        CLASS   SFR17          

        CLASS   SFR18          

        CLASS   SFR19          

        CLASS   SFR20          

        CLASS   SFR21          

        CLASS   SFR22          

        CLASS   SFR23          

        CLASS   SFR24          

        CLASS   SFR25          

        CLASS   SFR26          

        CLASS   SFR27          

        CLASS   SFR28          

        CLASS   SFR29          

        CLASS   SFR30          

        CLASS   SFR31          

        CLASS   SFR32          

        CLASS   SFR33          

        CLASS   SFR34          

        CLASS   SFR35          

        CLASS   SFR36          

        CLASS   SFR37          

        CLASS   SFR38          

        CLASS   SFR39          

        CLASS   SFR40          

        CLASS   SFR41          

        CLASS   SFR42          

        CLASS   SFR43          

        CLASS   SFR44          

        CLASS   SFR45          

        CLASS   SFR46          

        CLASS   SFR47          

        CLASS   SFR48          

        CLASS   SFR49          

        CLASS   SFR50          

        CLASS   SFR51          

        CLASS   SFR52          

        CLASS   SFR53          

        CLASS   SFR54          

        CLASS   SFR55          

        CLASS   SFR56          

        CLASS   SFR57          

        CLASS   SFR58          

        CLASS   SFR59          

        CLASS   SFR60          

        CLASS   SFR61          

        CLASS   SFR62          

        CLASS   SFR63          

        CLASS   CONFIG         
                config                             8007     8007        5         4

        CLASS   IDLOC          

        CLASS   EEDATA         
                bssEEDATA                             0     F000        2         3

        CLASS   BANK63         

        CLASS   BANK62         

        CLASS   BANK61         

        CLASS   BANK60         

        CLASS   BANK59         

        CLASS   BANK58         

        CLASS   BANK57         

        CLASS   BANK56         

        CLASS   BANK55         

        CLASS   BANK54         

        CLASS   BANK53         

        CLASS   BANK52         

        CLASS   BANK51         

        CLASS   BANK50         

        CLASS   BANK49         

        CLASS   BANK48         

        CLASS   BANK47         

        CLASS   BANK46         

        CLASS   BANK45         

        CLASS   BANK44         

        CLASS   BANK43         

        CLASS   BANK42         

        CLASS   BANK41         

        CLASS   BANK40         

        CLASS   BANK39         

        CLASS   BANK38         

        CLASS   BANK37         

        CLASS   BANK36         

        CLASS   BANK35         

        CLASS   BANK34         

        CLASS   BANK33         

        CLASS   BANK32         

        CLASS   BANK31         

        CLASS   BANK30         

        CLASS   BANK29         

        CLASS   BANK28         

        CLASS   BANK27         

        CLASS   BANK26         



SEGMENTS        Name                           Load    Length   Top    Selector   Space  Class     Delta

                reset_vec                      000000  000003  000003         0       0  CODE        2
                text81                         000003  000001  000004         6       0  CODE        2
                intentry                       000004  0007FD  000801         8       0  CODE        2
                cstackBANK0                    000020  000049  000069        20       1  BANK0       1
                cstackCOMMON                   000070  00000E  00007E        70       1  COMMON      1
                bssBANK1                       0000A0  000050  0000F0        A0       1  BANK1       1
                bssBANK2                       000120  000040  000160       120       1  BANK2       1
                bssBANK3                       0001A0  000048  0001E8       1A0       1  BANK3       1
                bssBANK4                       000220  000020  000240       220       1  BANK4       1
                text90                         000801  000001  000802      1002       0  CODE        2
                text100                        000802  000012  000814      1004       0  CODE        2
                text39                         000814  00001E  000832      1028       0  CODE        2
                text5                          000832  00001E  000850      1064       0  CODE        2
                text54                         000850  00001F  00086F      10A0       0  CODE        2
                text86                         00086F  000020  00088F      10DE       0  CODE        2
                text64                         00088F  000021  0008B0      111E       0  CODE        2
                text60                         0008B0  000021  0008D1      1160       0  CODE        2
                text29                         0008D1  000021  0008F2      11A2       0  CODE        2
                text113                        0008F2  000023  000915      11E4       0  CODE        2
                text40                         000915  000024  000939      122A       0  CODE        2
                text50                         000939  000027  000960      1272       0  CODE        2
                text36                         000960  00002A  00098A      12C0       0  CODE        2
                text103                        00098A  00002B  0009B5      1314       0  CODE        2
                text56                         0009B5  00002B  0009E0      136A       0  CODE        2
                text3                          0009E0  00002B  000A0B      13C0       0  CODE        2
                text101                        000A0B  00002C  000A37      1416       0  CODE        2
                text97                         000A37  00002C  000A63      146E       0  CODE        2
                text28                         000A63  00002C  000A8F      14C6       0  CODE        2
                text98                         000A8F  00002D  000ABC      151E       0  CODE        2
                text32                         000ABC  00002D  000AE9      1578       0  CODE        2
                text105                        000AE9  00002E  000B17      15D2       0  CODE        2
                text99                         000B17  00002E  000B45      162E       0  CODE        2
                text26                         000B45  00002E  000B73      168A       0  CODE        2
                text48                         000B73  00002F  000BA2      16E6       0  CODE        2
                text82                         000BA2  00003B  000BDD      1744       0  CODE        2
                text114                        000BDD  000041  000C1E      17BA       0  CODE        2
                text71                         000C1E  000044  000C62      183C       0  CODE        2
                text46                         000C62  000046  000CA8      18C4       0  CODE        2
                text67                         000CA8  000047  000CEF      1950       0  CODE        2
                text43                         000CEF  00004D  000D3C      19DE       0  CODE        2
                text21                         000D3C  00004E  000D8A      1A78       0  CODE        2
                text106                        000D8A  000054  000DDE      1B14       0  CODE        2
                text37                         000DDE  000054  000E32      1BBC       0  CODE        2
                text44                         000E32  00005C  000E8E      1C64       0  CODE        2
                text30                         000E8E  00005C  000EEA      1D1C       0  CODE        2
                text22                         000EEA  00005C  000F46      1DD4       0  CODE        2
                text104                        000F46  00005D  000FA3      1E8C       0  CODE        2
                maintext                       000FA3  00005D  001000      1F46       0  CODE        2
                text116                        001473  000001  001474      28E6       0  CODE        2
                text111                        001474  000001  001475      28E8       0  CODE        2
                text45                         001475  000003  001478      28EA       0  CODE        2
                text35                         001478  000003  00147B      28F0       0  CODE        2
                text117                        00147B  000004  00147F      28F6       0  CODE        2
                text115                        00147F  000004  001483      28FE       0  CODE        2
                text2                          001483  000004  001487      2906       0  CODE        2
                text110                        001487  000005  00148C      290E       0  CODE        2
                text34                         00148C  000005  001491      2918       0  CODE        2
                text83                         001491  000006  001497      2922       0  CODE        2
                clrtext                        001497  000006  00149D      292E       0  CODE        2
                inittext                       00149D  000006  0014A3      293A       0  CODE        2
                idataBANK0                     0014A3  000006  0014A9      2946       0  CODE        2
                text14                         0014A9  000007  0014B0      2952       0  CODE        2
                text13                         0014B0  000007  0014B7      2960       0  CODE        2
                text102                        0014B7  000009  0014C0      296E       0  CODE        2
                text96                         0014C0  000009  0014C9      2980       0  CODE        2
                text76                         0014C9  000009  0014D2      2992       0  CODE        2
                text75                         0014D2  000009  0014DB      29A4       0  CODE        2
                text74                         0014DB  000009  0014E4      29B6       0  CODE        2
                text73                         0014E4  000009  0014ED      29C8       0  CODE        2
                text72                         0014ED  000009  0014F6      29DA       0  CODE        2
                text70                         0014F6  000009  0014FF      29EC       0  CODE        2
                text69                         0014FF  000009  001508      29FE       0  CODE        2
                text68                         001508  000009  001511      2A10       0  CODE        2
                text65                         001511  000009  00151A      2A22       0  CODE        2
                text63                         00151A  000009  001523      2A34       0  CODE        2
                text61                         001523  000009  00152C      2A46       0  CODE        2
                text31                         00152C  000009  001535      2A58       0  CODE        2
                text27                         001535  000009  00153E      2A6A       0  CODE        2
                text17                         00153E  000009  001547      2A7C       0  CODE        2
                text1                          001547  000009  001550      2A8E       0  CODE        2
                text95                         001550  00000A  00155A      2AA0       0  CODE        2
                text92                         00155A  00000A  001564      2AB4       0  CODE        2
                text66                         001564  00000A  00156E      2AC8       0  CODE        2
                text58                         00156E  00000A  001578      2ADC       0  CODE        2
                text16                         001578  00000B  001583      2AF0       0  CODE        2
                text53                         001583  00000C  00158F      2B06       0  CODE        2
                text89                         00158F  00000D  00159C      2B1E       0  CODE        2
                text84                         00159C  00000D  0015A9      2B38       0  CODE        2
                text80                         0015A9  00000D  0015B6      2B52       0  CODE        2
                text42                         0015B6  00000D  0015C3      2B6C       0  CODE        2
                text87                         0015C3  00000E  0015D1      2B86       0  CODE        2
                text78                         0015D1  00000E  0015DF      2BA2       0  CODE        2
                text112                        0015DF  00000F  0015EE      2BBE       0  CODE        2
                text108                        0015EE  00000F  0015FD      2BDC       0  CODE        2
                text47                         0015FD  00000F  00160C      2BFA       0  CODE        2
                idataBANK1                     00160C  000010  00161C      2C18       0  CODE        2
                text107                        00161C  000011  00162D      2C38       0  CODE        2
                text93                         00162D  000011  00163E      2C5A       0  CODE        2
                text88                         00163E  000011  00164F      2C7C       0  CODE        2
                text79                         00164F  000011  001660      2C9E       0  CODE        2
                text18                         001660  000011  001671      2CC0       0  CODE        2
                text4                          001671  000011  001682      2CE2       0  CODE        2
                text55                         001682  000015  001697      2D04       0  CODE        2
                text52                         001697  000015  0016AC      2D2E       0  CODE        2
                text33                         0016AC  000015  0016C1      2D58       0  CODE        2
                text15                         0016C1  000015  0016D6      2D82       0  CODE        2
                text12                         0016D6  000015  0016EB      2DAC       0  CODE        2
                text94                         0016EB  000016  001701      2DD6       0  CODE        2
                text59                         001701  000016  001717      2E02       0  CODE        2
                text57                         001717  000016  00172D      2E2E       0  CODE        2
                text62                         00172D  000017  001744      2E5A       0  CODE        2
                text41                         001744  00001A  00175E      2E88       0  CODE        2
                text25                         00175E  00001A  001778      2EBC       0  CODE        2
                text24                         001778  00001A  001792      2EF0       0  CODE        2
                text23                         001792  00001A  0017AC      2F24       0  CODE        2
                text118                        0017AC  00001B  0017C7      2F58       0  CODE        2
                text49                         0017C7  00001C  0017E3      2F8E       0  CODE        2
                text38                         0017E3  00001D  001800      2FC6       0  CODE        2
                stringtext1                    001800  000058  001858      3000       0  STRCODE     2
                bssEEDATA                      00F000  000002  00F002     1E000       3  EEDATA      2


UNUSED ADDRESS RANGES

        Name                Unused          Largest block    Delta
        BANK0            00069-0006F               7           1
        BANK10           00520-0056F              50           1
        BANK11           005A0-005EF              50           1
        BANK12           00620-0066F              50           1
        BANK13           006A0-006EF              50           1
        BANK14           00720-0076F              50           1
        BANK15           007A0-007EF              50           1
        BANK16           00820-0086F              50           1
        BANK17           008A0-008EF              50           1
        BANK18           00920-0096F              50           1
        BANK19           009A0-009EF              50           1
        BANK2            00160-0016F              10           1
        BANK20           00A20-00A6F              50           1
        BANK21           00AA0-00AEF              50           1
        BANK22           00B20-00B6F              50           1
        BANK23           00BA0-00BEF              50           1
        BANK24           00C20-00C6F              50           1
        BANK25           00CA0-00CBF              20           1
        BANK3            001E8-001EF               8           1
        BANK4            00240-0026F              30           1
        BANK5            002A0-002EF              50           1
        BANK6            00320-0036F              50           1
        BANK7            003A0-003EF              50           1
        BANK8            00420-0046F              50           1
        BANK9            004A0-004EF              50           1
        BIGRAM           02000-027EF             7F0           1
        CODE             01000-01472             473           2
                         01858-03FFF             800
        CONST            01000-01472             100           2
                         01858-03FFF             100
        EEDATA           0F002-0F0FF              FE           2
        ENTRY            01000-01472             100           2
                         01858-03FFF             100
        IDLOC            08000-08003               4           2
        RAM              00069-0006F               7           1
                         00160-0016F              10
                         001E8-001EF               8
                         00240-0026F              30
                         002A0-002EF              50
                         00320-0036F              50
                         003A0-003EF              50
                         00420-0046F              50
                         004A0-004EF              50
                         00520-0056F              50
                         005A0-005EF              50
                         00620-0066F              50
                         006A0-006EF              50
                         00720-0076F              50
                         007A0-007EF              50
                         00820-0086F              50
                         008A0-008EF              50
                         00920-0096F              50
                         009A0-009EF              50
                         00A20-00A6F              50
                         00AA0-00AEF              50
                         00B20-00B6F              50
                         00BA0-00BEF              50
                         00C20-00C6F              50
                         00CA0-00CBF              20
        SFR0             00000-0001F              20           1
        SFR1             00080-0009F              20           1
        SFR10            00500-0051F              20           1
        SFR11            00580-0059F              20           1
        SFR12            00600-0061F              20           1
        SFR13            00680-0069F              20           1
        SFR14            00700-0071F              20           1
        SFR15            00780-0079F              20           1
        SFR16            00800-0081F              20           1
        SFR17            00880-0089F              20           1
        SFR18            00900-0091F              20           1
        SFR19            00980-0099F              20           1
        SFR2             00100-0011F              20           1
        SFR20            00A00-00A1F              20           1
        SFR21            00A80-00A9F              20           1
        SFR22            00B00-00B1F              20           1
        SFR23            00B80-00B9F              20           1
        SFR24            00C00-00C1F              20           1
        SFR25            00C80-00C9F              20           1
        SFR26            00D00-00D6F              70           1
        SFR27            00D80-00DEF              70           1
        SFR28            00E00-00E6F              70           1
        SFR29            00E80-00EEF              70           1
        SFR3             00180-0019F              20           1
        SFR30            00F00-00F6F              70           1
        SFR31            00F80-00FEF              70           1
        SFR32            01000-0106F              70           1
        SFR33            01080-010EF              70           1
        SFR34            01100-0116F              70           1
        SFR35            01180-011EF              70           1
        SFR36            01200-0126F              70           1
        SFR37            01280-012EF              70           1
        SFR38            01300-0136F              70           1
        SFR39            01380-013EF              70           1
        SFR4             00200-0021F              20           1
        SFR40            01400-0146F              70           1
        SFR41            01480-014EF              70           1
        SFR42            01500-0156F              70           1
        SFR43            01580-015EF              70           1
        SFR44            01600-0166F              70           1
        SFR45            01680-016EF              70           1
        SFR46            01700-0176F              70           1
        SFR47            01780-017EF              70           1
        SFR48            01800-0186F              70           1
        SFR49            01880-018EF              70           1
        SFR5             00280-0029F              20           1
        SFR50            01900-0196F              70           1
        SFR51            01980-019EF              70           1
        SFR52            01A00-01A6F              70           1
        SFR53            01A80-01AEF              70           1
        SFR54            01B00-01B6F              70           1
        SFR55            01B80-01BEF              70           1
        SFR56            01C00-01C6F              70           1
        SFR57            01C80-01CEF              70           1
        SFR58            01D00-01D6F              70           1
        SFR59            01D80-01DEF              70           1
        SFR6             00300-0031F              20           1
        SFR60            01E00-01E6F              70           1
        SFR61            01E80-01EEF              70           1
        SFR62            01F00-01F6F              70           1
        SFR63            01F80-01FEF              70           1
        SFR7             00380-0039F              20           1
        SFR8             00400-0041F              20           1
        SFR9             00480-0049F              20           1
        STACK            02160-027EF             690           1
        STRCODE          01000-01472             473           2
                         01858-03FFF            27A8
        STRING           01000-01472             100           2
                         01858-03FFF             100

                                  Symbol Table

?_BTTimeRemaining                               cstackBANK0  00026
?___awmod                                       cstackBANK0  00026
?_getTicks                                      cstackBANK0  00026
?_getTicksSince                                 cstackBANK0  00026
?_limitSpeed                                    cstackCOMMON 00070
?_strlen                                        cstackBANK0  00026
?_strncmp                                       cstackBANK0  00026
?i1_getTicks                                    cstackCOMMON 00070
?i1_getTicksSince                               cstackCOMMON 00070
BTTimeRemaining@elapsed                         cstackBANK0  0002E
EUSART1_Read@readValue                          cstackBANK0  00027
EUSART1_SetErrorHandler@interruptHandler        cstackBANK0  00026
EUSART1_SetFramingErrorHandler@interruptHandler cstackBANK0  00026
EUSART1_SetOverrunErrorHandler@interruptHandler cstackBANK0  00026
EUSART1_SetRxInterruptHandler@interruptHandler  cstackBANK0  00026
EUSART1_SetTxInterruptHandler@interruptHandler  cstackBANK0  00026
EUSART1_Write@txData                            cstackBANK0  00027
IOCCF0_SetInterruptHandler@InterruptHandler     cstackBANK0  00026
IOCCF2_SetInterruptHandler@InterruptHandler     cstackBANK0  00026
TMR1_SetInterruptHandler@InterruptHandler       cstackBANK0  00026
TMR1_WriteTimer@timerVal                        cstackCOMMON 00070
TMR2_SetInterruptHandler@InterruptHandler       cstackBANK0  00026
TMR3_SetInterruptHandler@InterruptHandler       cstackBANK0  00026
TMR3_WriteTimer@timerVal                        cstackCOMMON 00070
_ANSELA                                         (abs)        01F38
_ANSELB                                         (abs)        01F43
_ANSELC                                         (abs)        01F4E
_BAUD1CON                                       (abs)        0011F
_BTTimeRemaining                                text44       00E32
_BTTimeout                                      bssBANK1     000A4
_B_LED                                          bssBANK0     00051
_EEPROM_uiBrakeMode                             bssEEDATA    00000
_EEPROM_uiSpeedMode                             bssEEDATA    00001
_EUSART1_DefaultErrorHandler                    text117      0147B
_EUSART1_DefaultFramingErrorHandler             text116      01473
_EUSART1_DefaultOverrunErrorHandler             text115      0147F
_EUSART1_ErrorHandler                           nvBANK1      000CA
_EUSART1_FramingErrorHandler                    nvBANK1      000CE
_EUSART1_Initialize                             text71       00C1E
_EUSART1_OverrunErrorHandler                    nvBANK1      000CC
_EUSART1_Read                                   text32       00ABC
_EUSART1_Receive_ISR                            text114      00BDD
_EUSART1_RxDataHandler                          text118      017AC
_EUSART1_RxDefaultInterruptHandler              nvBANK1      000D0
_EUSART1_SetErrorHandler                        text76       014C9
_EUSART1_SetFramingErrorHandler                 text75       014D2
_EUSART1_SetOverrunErrorHandler                 text74       014DB
_EUSART1_SetRxInterruptHandler                  text73       014E4
_EUSART1_SetTxInterruptHandler                  text72       014ED
_EUSART1_Transmit_ISR                           text113      008F2
_EUSART1_TxDefaultInterruptHandler              nvBANK1      000D2
_EUSART1_Write                                  text28       00A63
_EUSART1_is_rx_ready                            text31       0152C
_EUSART1_is_tx_ready                            text27       01535
_G_LED                                          bssBANK0     00052
_INLVLA                                         (abs)        01F3C
_INLVLB                                         (abs)        01F47
_INLVLC                                         (abs)        01F52
_INTCONbits                                     (abs)        0000B
_INTERRUPT_InterruptManager                     intentry     00004
_IOCCF0_DefaultInterruptHandler                 text109      00800
_IOCCF0_ISR                                     text112      015DF
_IOCCF0_InterruptHandler                        nvBANK1      000C8
_IOCCF0_SetInterruptHandler                     text69       014FF
_IOCCF2_DefaultInterruptHandler                 text111      01474
_IOCCF2_ISR                                     text108      015EE
_IOCCF2_InterruptHandler                        nvBANK1      000C6
_IOCCF2_SetInterruptHandler                     text68       01508
_IOCCFbits                                      (abs)        01F55
_IOCCNbits                                      (abs)        01F54
_IOCCPbits                                      (abs)        01F53
_LATA                                           (abs)        00018
_LATAbits                                       (abs)        00018
_LATB                                           (abs)        00019
_LATBbits                                       (abs)        00019
_LATC                                           (abs)        0001A
_NVMADRH                                        (abs)        0081B
_NVMADRL                                        (abs)        0081A
_NVMCON1bits                                    (abs)        0081E
_NVMCON2                                        (abs)        0081F
_NVMDATH                                        (abs)        0081D
_NVMDATL                                        (abs)        0081C
_ODCONA                                         (abs)        01F3A
_ODCONB                                         (abs)        01F45
_ODCONC                                         (abs)        01F50
_OSCCON1                                        (abs)        0088D
_OSCCON3                                        (abs)        0088F
_OSCEN                                          (abs)        00891
_OSCFRQ                                         (abs)        00893
_OSCILLATOR_Initialize                          text70       014F6
_OSCTUNE                                        (abs)        00892
_PIE0bits                                       (abs)        00716
_PIE3bits                                       (abs)        00719
_PIE4bits                                       (abs)        0071A
_PIN_MANAGER_IOC                                text107      0161C
_PIN_MANAGER_Initialize                         text67       00CA8
_PIR0bits                                       (abs)        0070C
_PIR3bits                                       (abs)        0070F
_PIR4bits                                       (abs)        00710
_PMD0                                           (abs)        00796
_PMD1                                           (abs)        00797
_PMD2                                           (abs)        00798
_PMD3                                           (abs)        00799
_PMD4                                           (abs)        0079A
_PMD5                                           (abs)        0079B
_PMD6                                           (abs)        0079C
_PMD7                                           (abs)        0079D
_PMD_Initialize                                 text66       01564
_PORTAbits                                      (abs)        0000C
_PORTBbits                                      (abs)        0000D
_PORTCbits                                      (abs)        0000E
_PR2                                            (abs)        0028D
_RC1REG                                         (abs)        00119
_RC1STA                                         (abs)        0011D
_RC1STAbits                                     (abs)        0011D
_RC4PPS                                         (abs)        01F24
_RC6PPS                                         (abs)        01F26
_RX1DTPPS                                       (abs)        01ECB
_RX_Buffer                                      bssBANK3     001C0
_R_LED                                          bssBANK0     00053
_SLRCONA                                        (abs)        01F3B
_SLRCONB                                        (abs)        01F46
_SLRCONC                                        (abs)        01F51
_SP1BRGH                                        (abs)        0011C
_SP1BRGL                                        (abs)        0011B
_STATUSbits                                     (abs)        00003
_SYSTEM_Initialize                              text59       01701
_SetDualReceive                                 text33       016AC
_SetMasterTXRX                                  text12       016D6
_SetSlaveTXMasterRX                             text15       016C1
_SetSlaveTXRX                                   text55       01682
_T1CLK                                          (abs)        00211
_T1CON                                          (abs)        0020E
_T1CONbits                                      (abs)        0020E
_T1GATE                                         (abs)        00210
_T1GCON                                         (abs)        0020F
_T1GCONbits                                     (abs)        0020F
_T2CLKCON                                       (abs)        00290
_T2CON                                          (abs)        0028E
_T2CONbits                                      (abs)        0028E
_T2HLT                                          (abs)        0028F
_T2HLTbits                                      (abs)        0028F
_T2PR                                           (abs)        0028D
_T2RST                                          (abs)        00291
_T2RSTbits                                      (abs)        00291
_T2TMR                                          (abs)        0028C
_T3CLK                                          (abs)        00217
_T3CON                                          (abs)        00214
_T3CONbits                                      (abs)        00214
_T3GATE                                         (abs)        00216
_T3GCON                                         (abs)        00215
_T3GCONbits                                     (abs)        00215
_TMR1H                                          (abs)        0020D
_TMR1L                                          (abs)        0020C
_TMR1_CallBack                                  text89       0158F
_TMR1_DefaultInterruptHandler                   text90       00801
_TMR1_ISR                                       text87       015C3
_TMR1_Initialize                                text64       0088F
_TMR1_InterruptHandler                          nvBANK1      000D6
_TMR1_SetInterruptHandler                       text65       01511
_TMR1_StartTimer                                text19       007FD
_TMR1_StopTimer                                 text35       01478
_TMR1_WriteTimer                                text88       0163E
_TMR2                                           (abs)        0028C
_TMR2_CallBack                                  text84       0159C
_TMR2_DefaultInterruptHandler                   text85       00002
_TMR2_ISR                                       text83       01491
_TMR2_Initialize                                text62       0172D
_TMR2_InterruptHandler                          nvBANK1      000D4
_TMR2_SetInterruptHandler                       text63       0151A
_TMR3H                                          (abs)        00213
_TMR3L                                          (abs)        00212
_TMR3_CallBack                                  text80       015A9
_TMR3_DefaultInterruptHandler                   text81       00003
_TMR3_ISR                                       text78       015D1
_TMR3_Initialize                                text60       008B0
_TMR3_InterruptHandler                          nvBANK1      000C2
_TMR3_SetInterruptHandler                       text61       01523
_TMR3_WriteTimer                                text79       0164F
_TRISA                                          (abs)        00012
_TRISB                                          (abs)        00013
_TRISC                                          (abs)        00014
_TX1REG                                         (abs)        0011A
_TX1STA                                         (abs)        0011E
_TX1STAbits                                     (abs)        0011E
_UI_PWM_handler                                 text82       00BA2
_USER1_pressed                                  text14       014A9
_USER2_pressed                                  text13       014B0
_WPUA                                           (abs)        01F39
_WPUB                                           (abs)        01F44
_WPUC                                           (abs)        01F4F
__Habs1                                         abs1         00000
__Hbank0                                        bank0        00000
__Hbank1                                        bank1        00000
__Hbank10                                       bank10       00000
__Hbank11                                       bank11       00000
__Hbank12                                       bank12       00000
__Hbank13                                       bank13       00000
__Hbank14                                       bank14       00000
__Hbank15                                       bank15       00000
__Hbank16                                       bank16       00000
__Hbank17                                       bank17       00000
__Hbank18                                       bank18       00000
__Hbank19                                       bank19       00000
__Hbank2                                        bank2        00000
__Hbank20                                       bank20       00000
__Hbank21                                       bank21       00000
__Hbank22                                       bank22       00000
__Hbank23                                       bank23       00000
__Hbank24                                       bank24       00000
__Hbank25                                       bank25       00000
__Hbank26                                       bank26       00000
__Hbank27                                       bank27       00000
__Hbank28                                       bank28       00000
__Hbank29                                       bank29       00000
__Hbank3                                        bank3        00000
__Hbank30                                       bank30       00000
__Hbank31                                       bank31       00000
__Hbank32                                       bank32       00000
__Hbank33                                       bank33       00000
__Hbank34                                       bank34       00000
__Hbank35                                       bank35       00000
__Hbank36                                       bank36       00000
__Hbank37                                       bank37       00000
__Hbank38                                       bank38       00000
__Hbank39                                       bank39       00000
__Hbank4                                        bank4        00000
__Hbank40                                       bank40       00000
__Hbank41                                       bank41       00000
__Hbank42                                       bank42       00000
__Hbank43                                       bank43       00000
__Hbank44                                       bank44       00000
__Hbank45                                       bank45       00000
__Hbank46                                       bank46       00000
__Hbank47                                       bank47       00000
__Hbank48                                       bank48       00000
__Hbank49                                       bank49       00000
__Hbank5                                        bank5        00000
__Hbank50                                       bank50       00000
__Hbank51                                       bank51       00000
__Hbank52                                       bank52       00000
__Hbank53                                       bank53       00000
__Hbank54                                       bank54       00000
__Hbank55                                       bank55       00000
__Hbank56                                       bank56       00000
__Hbank57                                       bank57       00000
__Hbank58                                       bank58       00000
__Hbank59                                       bank59       00000
__Hbank6                                        bank6        00000
__Hbank60                                       bank60       00000
__Hbank61                                       bank61       00000
__Hbank62                                       bank62       00000
__Hbank63                                       bank63       00000
__Hbank7                                        bank7        00000
__Hbank8                                        bank8        00000
__Hbank9                                        bank9        00000
__Hbigram                                       bigram       00000
__HbssBANK0                                     bssBANK0     00000
__HbssBANK1                                     bssBANK1     00000
__HbssBANK2                                     bssBANK2     00000
__HbssBANK3                                     bssBANK3     00000
__HbssBANK4                                     bssBANK4     00000
__HbssCOMMON                                    bssCOMMON    00000
__HbssEEDATA                                    bssEEDATA    00000
__Hcinit                                        cinit        000A2
__Hclrtext                                      clrtext      00000
__Hcode                                         code         00000
__Hcommon                                       common       00000
__Hconfig                                       config       0800C
__HcstackBANK0                                  cstackBANK0  00000
__HcstackBANK1                                  cstackBANK1  00000
__HcstackCOMMON                                 cstackCOMMON 00000
__HdataBANK0                                    dataBANK0    00000
__HdataBANK1                                    dataBANK1    00000
__Heeprom_data                                  eeprom_data  00000
__Hend_init                                     end_init     0005D
__Hfunctab                                      functab      00000
__HidataBANK0                                   idataBANK0   00000
__HidataBANK1                                   idataBANK1   00000
__Hinit                                         init         0005B
__Hinittext                                     inittext     00000
__Hintentry                                     intentry     0005B
__Hmaintext                                     maintext     00000
__HnvBANK0                                      nvBANK0      00000
__HnvBANK1                                      nvBANK1      00000
__Hpowerup                                      powerup      00000
__Hram                                          ram          00000
__Hreset_vec                                    reset_vec    00002
__Hsfr0                                         sfr0         00000
__Hsfr1                                         sfr1         00000
__Hsfr10                                        sfr10        00000
__Hsfr11                                        sfr11        00000
__Hsfr12                                        sfr12        00000
__Hsfr13                                        sfr13        00000
__Hsfr14                                        sfr14        00000
__Hsfr15                                        sfr15        00000
__Hsfr16                                        sfr16        00000
__Hsfr17                                        sfr17        00000
__Hsfr18                                        sfr18        00000
__Hsfr19                                        sfr19        00000
__Hsfr2                                         sfr2         00000
__Hsfr20                                        sfr20        00000
__Hsfr21                                        sfr21        00000
__Hsfr22                                        sfr22        00000
__Hsfr23                                        sfr23        00000
__Hsfr24                                        sfr24        00000
__Hsfr25                                        sfr25        00000
__Hsfr26                                        sfr26        00000
__Hsfr27                                        sfr27        00000
__Hsfr28                                        sfr28        00000
__Hsfr29                                        sfr29        00000
__Hsfr3                                         sfr3         00000
__Hsfr30                                        sfr30        00000
__Hsfr31                                        sfr31        00000
__Hsfr32                                        sfr32        00000
__Hsfr33                                        sfr33        00000
__Hsfr34                                        sfr34        00000
__Hsfr35                                        sfr35        00000
__Hsfr36                                        sfr36        00000
__Hsfr37                                        sfr37        00000
__Hsfr38                                        sfr38        00000
__Hsfr39                                        sfr39        00000
__Hsfr4                                         sfr4         00000
__Hsfr40                                        sfr40        00000
__Hsfr41                                        sfr41        00000
__Hsfr42                                        sfr42        00000
__Hsfr43                                        sfr43        00000
__Hsfr44                                        sfr44        00000
__Hsfr45                                        sfr45        00000
__Hsfr46                                        sfr46        00000
__Hsfr47                                        sfr47        00000
__Hsfr48                                        sfr48        00000
__Hsfr49                                        sfr49        00000
__Hsfr5                                         sfr5         00000
__Hsfr50                                        sfr50        00000
__Hsfr51                                        sfr51        00000
__Hsfr52                                        sfr52        00000
__Hsfr53                                        sfr53        00000
__Hsfr54                                        sfr54        00000
__Hsfr55                                        sfr55        00000
__Hsfr56                                        sfr56        00000
__Hsfr57                                        sfr57        00000
__Hsfr58                                        sfr58        00000
__Hsfr59                                        sfr59        00000
__Hsfr6                                         sfr6         00000
__Hsfr60                                        sfr60        00000
__Hsfr61                                        sfr61        00000
__Hsfr62                                        sfr62        00000
__Hsfr63                                        sfr63        00000
__Hsfr7                                         sfr7         00000
__Hsfr8                                         sfr8         00000
__Hsfr9                                         sfr9         00000
__Hspace_0                                      (abs)        01858
__Hspace_1                                      (abs)        00240
__Hspace_2                                      (abs)        00000
__Hspace_3                                      (abs)        00002
[...]
      Totals:         0       0       0       0       0       0       0       0       0       0       0       0       0       0       0       0       0       0       0       0       0       0       0       0       0       0       0
Total ram usage:        0 bytes
 Hardware stack levels used:    1
 Hardware stack levels required when called:    1
 This function calls:
		Absolute function
		_IOCCF0_DefaultInterruptHandler
		i1_turnPowerOn
 This function is called by:
		_PIN_MANAGER_IOC
 This function uses a non-reentrant model


 *************** function _EUSART1_Transmit_ISR *****************
 Defined at:
		line 197 in file "mcc_generated_files/eusart1.c"
 Parameters:    Size  Location     Type
		None
 Auto vars:     Size  Location     Type
		None
 Return value:  Size  Location     Type
                  1    wreg      void 
 Registers used:
		wreg, fsr1l, fsr1h, status,2, status,0
 Tracked objects:
		On entry : 
		On exit  : 
		Unchanged: 
 Data sizes:     COMMON   BANK0   BANK1   BANK2   BANK3   BANK4   BANK5   BANK6   BANK7   BANK8   BANK9  BANK10  BANK11  BANK12  BANK13  BANK14  BANK15  BANK16  BANK17  BANK18  BANK19  BANK20  BANK21  BANK22  BANK23  BANK24  BANK25
      Params:         0       0       0       0       0       0       0       0       0       0       0       0       0       0       0       0       0       0       0       0       0       0       0       0       0       0       0
      Locals:         0       0       0       0       0       0       0       0       0       0       0       0       0       0       0       0       0       0       0       0       0       0       0       0       0       0       0
      Temps:          1       0       0       0       0       0       0       0       0       0       0       0       0       0       0       0       0       0       0       0       0       0       0       0       0       0       0
      Totals:         1       0       0       0       0       0       0       0       0       0       0       0       0       0       0       0       0       0       0       0       0       0       0       0       0       0       0
Total ram usage:        1 bytes
 Hardware stack levels used:    1
 This function calls:
		Nothing
 This function is called by:
		_EUSART1_Initialize
		_INTERRUPT_InterruptManager
 This function uses a non-reentrant model


 *************** function _EUSART1_Receive_ISR *****************
 Defined at:
		line 216 in file "mcc_generated_files/eusart1.c"
 Parameters:    Size  Location     Type
		None
 Auto vars:     Size  Location     Type
		None
 Return value:  Size  Location     Type
                  1    wreg      void 
 Registers used:
		wreg, fsr1l, fsr1h, status,2, status,0, pclath, cstack
 Tracked objects:
		On entry : 
		On exit  : 
		Unchanged: 
 Data sizes:     COMMON   BANK0   BANK1   BANK2   BANK3   BANK4   BANK5   BANK6   BANK7   BANK8   BANK9  BANK10  BANK11  BANK12  BANK13  BANK14  BANK15  BANK16  BANK17  BANK18  BANK19  BANK20  BANK21  BANK22  BANK23  BANK24  BANK25
      Params:         0       0       0       0       0       0       0       0       0       0       0       0       0       0       0       0       0       0       0       0       0       0       0       0       0       0       0
      Locals:         0       0       0       0       0       0       0       0       0       0       0       0       0       0       0       0       0       0       0       0       0       0       0       0       0       0       0
      Temps:          0       0       0       0       0       0       0       0       0       0       0       0       0       0       0       0       0       0       0       0       0       0       0       0       0       0       0
      Totals:         0       0       0       0       0       0       0       0       0       0       0       0       0       0       0       0       0       0       0       0       0       0       0       0       0       0       0
Total ram usage:        0 bytes
 Hardware stack levels used:    1
 Hardware stack levels required when called:    2
 This function calls:
		Absolute function
		_EUSART1_DefaultErrorHandler
		_EUSART1_DefaultFramingErrorHandler
		_EUSART1_DefaultOverrunErrorHandler
		_EUSART1_RxDataHandler
 This function is called by:
		_EUSART1_Initialize
		_INTERRUPT_InterruptManager
 This function uses a non-reentrant model


 *************** function _EUSART1_DefaultOverrunErrorHandler *****************
 Defined at:
		line 252 in file "mcc_generated_files/eusart1.c"
 Parameters:    Size  Location     Type
		None
 Auto vars:     Size  Location     Type
		None
 Return value:  Size  Location     Type
                  1    wreg      void 
 Registers used:
		None
 Tracked objects:
		On entry : 
		On exit  : 
		Unchanged: 
 Data sizes:     COMMON   BANK0   BANK1   BANK2   BANK3   BANK4   BANK5   BANK6   BANK7   BANK8   BANK9  BANK10  BANK11  BANK12  BANK13  BANK14  BANK15  BANK16  BANK17  BANK18  BANK19  BANK20  BANK21  BANK22  BANK23  BANK24  BANK25
      Params:         0       0       0       0       0       0       0       0       0       0       0       0       0       0       0       0       0       0       0       0       0       0       0       0       0       0       0
      Locals:         0       0       0       0       0       0       0       0       0       0       0       0       0       0       0       0       0       0       0       0       0       0       0       0       0       0       0
      Temps:          0       0       0       0       0       0       0       0       0       0       0       0       0       0       0       0       0       0       0       0       0       0       0       0       0       0       0
      Totals:         0       0       0       0       0       0       0       0       0       0       0       0       0       0       0       0       0       0       0       0       0       0       0       0       0       0       0
Total ram usage:        0 bytes
 Hardware stack levels used:    1
 This function calls:
		Nothing
 This function is called by:
		_EUSART1_Initialize
		_EUSART1_Receive_ISR
 This function uses a non-reentrant model


 *************** function _EUSART1_DefaultFramingErrorHandler *****************
 Defined at:
		line 250 in file "mcc_generated_files/eusart1.c"
 Parameters:    Size  Location     Type
		None
 Auto vars:     Size  Location     Type
		None
 Return value:  Size  Location     Type
                  1    wreg      void 
 Registers used:
		None
 Tracked objects:
		On entry : 
		On exit  : 
		Unchanged: 
 Data sizes:     COMMON   BANK0   BANK1   BANK2   BANK3   BANK4   BANK5   BANK6   BANK7   BANK8   BANK9  BANK10  BANK11  BANK12  BANK13  BANK14  BANK15  BANK16  BANK17  BANK18  BANK19  BANK20  BANK21  BANK22  BANK23  BANK24  BANK25
      Params:         0       0       0       0       0       0       0       0       0       0       0       0       0       0       0       0       0       0       0       0       0       0       0       0       0       0       0
      Locals:         0       0       0       0       0       0       0       0       0       0       0       0       0       0       0       0       0       0       0       0       0       0       0       0       0       0       0
      Temps:          0       0       0       0       0       0       0       0       0       0       0       0       0       0       0       0       0       0       0       0       0       0       0       0       0       0       0
      Totals:         0       0       0       0       0       0       0       0       0       0       0       0       0       0       0       0       0       0       0       0       0       0       0       0       0       0       0
Total ram usage:        0 bytes
 Hardware stack levels used:    1
 This function calls:
		Nothing
 This function is called by:
		_EUSART1_Initialize
		_EUSART1_Receive_ISR
 This function uses a non-reentrant model


 *************** function _EUSART1_DefaultErrorHandler *****************
 Defined at:
		line 260 in file "mcc_generated_files/eusart1.c"
 Parameters:    Size  Location     Type
		None
 Auto vars:     Size  Location     Type
		None
 Return value:  Size  Location     Type
                  1    wreg      void 
 Registers used:
		wreg, fsr1l, fsr1h, status,2, status,0, pclath, cstack
 Tracked objects:
		On entry : 
		On exit  : 
		Unchanged: 
 Data sizes:     COMMON   BANK0   BANK1   BANK2   BANK3   BANK4   BANK5   BANK6   BANK7   BANK8   BANK9  BANK10  BANK11  BANK12  BANK13  BANK14  BANK15  BANK16  BANK17  BANK18  BANK19  BANK20  BANK21  BANK22  BANK23  BANK24  BANK25
      Params:         0       0       0       0       0       0       0       0       0       0       0       0       0       0       0       0       0       0       0       0       0       0       0       0       0       0       0
      Locals:         0       0       0       0       0       0       0       0       0       0       0       0       0       0       0       0       0       0       0       0       0       0       0       0       0       0       0
      Temps:          0       0       0       0       0       0       0       0       0       0       0       0       0       0       0       0       0       0       0       0       0       0       0       0       0       0       0
      Totals:         0       0       0       0       0       0       0       0       0       0       0       0       0       0       0       0       0       0       0       0       0       0       0       0       0       0       0
Total ram usage:        0 bytes
 Hardware stack levels used:    1
 Hardware stack levels required when called:    1
 This function calls:
		_EUSART1_RxDataHandler
 This function is called by:
		_EUSART1_Initialize
		_EUSART1_Receive_ISR
 This function uses a non-reentrant model


 *************** function _EUSART1_RxDataHandler *****************
 Defined at:
		line 240 in file "mcc_generated_files/eusart1.c"
 Parameters:    Size  Location     Type
		None
 Auto vars:     Size  Location     Type
		None
 Return value:  Size  Location     Type
                  1    wreg      void 
 Registers used:
		wreg, fsr1l, fsr1h, status,2, status,0
 Tracked objects:
		On entry : 
		On exit  : 
		Unchanged: 
 Data sizes:     COMMON   BANK0   BANK1   BANK2   BANK3   BANK4   BANK5   BANK6   BANK7   BANK8   BANK9  BANK10  BANK11  BANK12  BANK13  BANK14  BANK15  BANK16  BANK17  BANK18  BANK19  BANK20  BANK21  BANK22  BANK23  BANK24  BANK25
      Params:         0       0       0       0       0       0       0       0       0       0       0       0       0       0       0       0       0       0       0       0       0       0       0       0       0       0       0
      Locals:         0       0       0       0       0       0       0       0       0       0       0       0       0       0       0       0       0       0       0       0       0       0       0       0       0       0       0
      Temps:          1       0       0       0       0       0       0       0       0       0       0       0       0       0       0       0       0       0       0       0       0       0       0       0       0       0       0
      Totals:         1       0       0       0       0       0       0       0       0       0       0       0       0       0       0       0       0       0       0       0       0       0       0       0       0       0       0
Total ram usage:        1 bytes
 Hardware stack levels used:    1
 This function calls:
		Nothing
 This function is called by:
		_EUSART1_Receive_ISR
		_EUSART1_DefaultErrorHandler
 This function uses a non-reentrant model



MODULE INFORMATION

Module		Function		Class		Link	Load	Size
serial.c
		_receiveBTBuffer		CODE           	0E8E	0000	93
		_calcCRC       		CODE           	0F46	0000	94
		_sendBTString  		CODE           	1778	0000	27
		_flushBTRXbuffer		CODE           	08D1	0000	34
		_int16ToBytes  		CODE           	0B17	0000	47
		_sendBTSpeedCmd		CODE           	0A8F	0000	46
		_initSerial    		CODE           	0939	0000	40
		_sendBTBuffer  		CODE           	0B45	0000	47
		_sendBTEstopCmd		CODE           	0802	0000	19

serial.c estimated size: 447

timers.c
		_timeKeeper    		CODE           	086F	0000	33
		_getTicks      		CODE           	156E	0000	11
		_getTicksSince 		CODE           	1717	0000	23
		_oneSec        		CODE           	1578	0000	12
		_resetBTTimer  		CODE           	1660	0000	18
		_initTimers    		CODE           	17C7	0000	29
		_BTTimeRemaining		CODE           	0E32	0000	93
		_setBTTimeout  		CODE           	1671	0000	18
		_sleep         		CODE           	09B5	0000	44

timers.c estimated size: 281

D:\Program Files\Microchip\xc8\v2.20\pic\sources\c99\common\memcpy.c
		_memcpy        		CODE           	07CD	0000	49

D:\Program Files\Microchip\xc8\v2.20\pic\sources\c99\common\memcpy.c estimated size: 49

D:\Program Files\Microchip\xc8\v2.20\pic\sources\c99\common\strstr.c
		_strstr        		CODE           	0D3C	0000	79

D:\Program Files\Microchip\xc8\v2.20\pic\sources\c99\common\strstr.c estimated size: 79

mcc_generated_files/tmr2.c
		_TMR2_ISR      		CODE           	1491	0000	7
		_TMR2_Initialize		CODE           	172D	0000	24
		_TMR2_SetInterruptHandler		CODE           	151A	0000	10
		_TMR2_DefaultInterruptHandler		CODE           	0002	0000	2
		_TMR2_CallBack 		CODE           	159C	0000	14

mcc_generated_files/tmr2.c estimated size: 57

mcc_generated_files/interrupt_manager.c
		_INTERRUPT_InterruptManager		CODE           	0004	0000	88

mcc_generated_files/interrupt_manager.c estimated size: 88

D:\Program Files\Microchip\xc8\v2.20\pic\sources\c99\pic\__eeprom.c
		___memcpyee    		CODE           	0CEF	0000	78
		___eetoc       		CODE           	15FD	0000	16
		___ctoee       		CODE           	15B6	0000	14
		___eecpymem    		CODE           	0B73	0000	48

D:\Program Files\Microchip\xc8\v2.20\pic\sources\c99\pic\__eeprom.c estimated size: 156

mcc_generated_files/pin_manager.c
		_IOCCF0_DefaultInterruptHandler		CODE           	0800	0000	2
		_PIN_MANAGER_Initialize		CODE           	0CA8	0000	72
		_IOCCF0_ISR    		CODE           	15DF	0000	16
		_IOCCF2_SetInterruptHandler		CODE           	1508	0000	10
		_IOCCF0_SetInterruptHandler		CODE           	14FF	0000	10
		_PIN_MANAGER_IOC		CODE           	161C	0000	18
		_IOCCF2_DefaultInterruptHandler		CODE           	1474	0000	2
		_IOCCF2_ISR    		CODE           	15EE	0000	16

mcc_generated_files/pin_manager.c estimated size: 146

ui.c
		_USER1_pressed 		CODE           	14A9	0000	8
		_showShutdown  		CODE           	0832	0000	31
		_USER2_pressed 		CODE           	14B0	0000	8
		_bumpUISpeedMode		CODE           	0960	0000	43
		_setLEDColor   		CODE           	1744	0000	27
		_runUI         		CODE           	00A2	0000	515
		_pulseLEDColor 		CODE           	0915	0000	37
		_showStartup   		CODE           	09E0	0000	44
		_blinkLEDColor 		CODE           	0814	0000	31
		_UI_PWM_handler		CODE           	0BA2	0000	60
		_bumpUIBrakeMode		CODE           	17E3	0000	30
		_initUI        		CODE           	0C62	0000	71

ui.c estimated size: 905

shared
		i1_setBTTimeout		CODE           	155A	0000	11
		i1_EUSART1_is_rx_ready		CODE           	14C0	0000	10
		i1_EUSART1_is_tx_ready		CODE           	14B7	0000	10
		i1_EUSART1_Read		CODE           	0A37	0000	45
		i1_sendBTBuffer		CODE           	0A0B	0000	45
		i1_turnPowerOn 		CODE           	1487	0000	6
		i1_getTicksSince		CODE           	16EB	0000	23
		__initialization		CODE           	005D	0000	66
		i1_EUSART1_Write		CODE           	098A	0000	44
		i1_resetBTTimer		CODE           	162D	0000	18
		i1_getTicks    		CODE           	1550	0000	11

shared estimated size: 289

mcc_generated_files/eusart1.c
		_EUSART1_SetRxInterruptHandler		CODE           	14E4	0000	10
		_EUSART1_SetTxInterruptHandler		CODE           	14ED	0000	10
		_EUSART1_is_rx_ready		CODE           	152C	0000	10
		_EUSART1_is_tx_ready		CODE           	1535	0000	10
		_EUSART1_Initialize		CODE           	0C1E	0000	69
		_EUSART1_DefaultErrorHandler		CODE           	147B	0000	5
		_EUSART1_SetFramingErrorHandler		CODE           	14D2	0000	10
		_EUSART1_Read  		CODE           	0ABC	0000	46
		_EUSART1_SetOverrunErrorHandler		CODE           	14DB	0000	10
		_EUSART1_SetErrorHandler		CODE           	14C9	0000	10
		_EUSART1_Write 		CODE           	0A63	0000	45
		_EUSART1_Receive_ISR		CODE           	0BDD	0000	66
		_EUSART1_RxDataHandler		CODE           	17AC	0000	28
		_EUSART1_DefaultOverrunErrorHandler		CODE           	147F	0000	5
		_EUSART1_Transmit_ISR		CODE           	08F2	0000	36
		_EUSART1_DefaultFramingErrorHandler		CODE           	1473	0000	2

mcc_generated_files/eusart1.c estimated size: 372

joystick.c
		_initJoystick  		CODE           	1697	0000	22
		_readJoystick  		CODE           	02A4	0000	282
		_enableJoystick		CODE           	153E	0000	10
		_disableJoystick		CODE           	148C	0000	6
		_limitSpeed    		CODE           	0D8A	0000	85
		_calculateMotion		CODE           	0AE9	0000	47

joystick.c estimated size: 452

D:\Program Files\Microchip\xc8\v2.20\pic\sources\c99\common\strlen.c
		_strlen        		CODE           	175E	0000	27

D:\Program Files\Microchip\xc8\v2.20\pic\sources\c99\common\strlen.c estimated size: 27

mcc_generated_files/mcc.c
		_PMD_Initialize		CODE           	1564	0000	11
		_OSCILLATOR_Initialize		CODE           	14F6	0000	10
		_SYSTEM_Initialize		CODE           	1701	0000	23

mcc_generated_files/mcc.c estimated size: 44

mcc_generated_files/tmr3.c
		_TMR3_ISR      		CODE           	15D1	0000	15
		_TMR3_Initialize		CODE           	08B0	0000	34
		_TMR3_SetInterruptHandler		CODE           	1523	0000	10
		_TMR3_DefaultInterruptHandler		CODE           	0003	0000	2
		_TMR3_CallBack 		CODE           	15A9	0000	14
		_TMR3_WriteTimer		CODE           	164F	0000	18

mcc_generated_files/tmr3.c estimated size: 93

D:\Program Files\Microchip\xc8\v2.20\pic\sources\c99\common\strchr.c
		_strchr        		CODE           	1792	0000	27

D:\Program Files\Microchip\xc8\v2.20\pic\sources\c99\common\strchr.c estimated size: 27

D:\Program Files\Microchip\xc8\v2.20\pic\sources\c99\common\awmod.c
		___awmod       		CODE           	0DDE	0000	85

D:\Program Files\Microchip\xc8\v2.20\pic\sources\c99\common\awmod.c estimated size: 85

D:\Program Files\Microchip\xc8\v2.20\pic\sources\c99\common\memset.c
		_memset        		CODE           	06B4	0000	166

D:\Program Files\Microchip\xc8\v2.20\pic\sources\c99\common\memset.c estimated size: 166

mcc_generated_files/tmr1.c
		_TMR1_Initialize		CODE           	088F	0000	34
		_TMR1_SetInterruptHandler		CODE           	1511	0000	10
		_TMR1_StopTimer		CODE           	1478	0000	4
		_TMR1_DefaultInterruptHandler		CODE           	0801	0000	2
		_TMR1_CallBack 		CODE           	158F	0000	14
		_TMR1_WriteTimer		CODE           	163E	0000	18
		_TMR1_StartTimer		CODE           	07FD	0000	4
		_TMR1_ISR      		CODE           	15C3	0000	15

mcc_generated_files/tmr1.c estimated size: 101

D:\Program Files\Microchip\xc8\v2.20\pic\sources\c99\common\strncmp.c
		_strncmp       		CODE           	0EEA	0000	93

D:\Program Files\Microchip\xc8\v2.20\pic\sources\c99\common\strncmp.c estimated size: 93

main.c
		_main          		CODE           	0FA3	0000	94

main.c estimated size: 94

configure.c
		_turnPowerOn   		CODE           	1547	0000	10
		_SetDualReceive		CODE           	16AC	0000	22
		_turnPowerOff  		CODE           	1483	0000	5
		_pairBluetoothDevices		CODE           	060D	0000	168
		_powerIsOn     		CODE           	1475	0000	4
		_SetSlaveTXMasterRX		CODE           	16C1	0000	22
		_SetSlaveTXRX  		CODE           	1682	0000	22
		_doFactoryReset		CODE           	0490	0000	192
		_setBTBaudRatesTo38400		CODE           	0759	0000	117
		_setSerialBaud 		CODE           	0850	0000	32
		_setBTConnection		CODE           	054F	0000	191
		_getBTAddress  		CODE           	03BD	0000	212
		_initConfiguration		CODE           	1583	0000	13
		_SetMasterTXRX 		CODE           	16D6	0000	22

configure.c estimated size: 1032

