Microchip MPLAB XC8 Compiler V2.20

Linker command line:

-W-3 --edf=D:\Program Files\Microchip\xc8\v2.20\pic\dat\en_msgs.txt -cn \
  -h+dist/default/production\BluJoy.X.production.sym \
  --cmf=dist/default/production\BluJoy.X.production.cmf -z -Q16LF18446 \
  -oC:\Users\Phil\AppData\Local\Temp\s1ukmo.2 --defsym=__MPLAB_BUILD=1 \
  -Mdist/default/production/BluJoy.X.production.map -E1 -ver=XC8 Compiler \
  --acfsm=1493 -ASTACK=02190h-027EFh -pstack=STACK -ACODE=00h-07FFhx8 \
  -ASTRCODE=00h-03FFFh -ASTRING=00h-0FFhx64 -ACONST=00h-0FFhx64 \
  -AENTRY=00h-0FFhx64 -ACOMMON=070h-07Fh -ABANK0=020h-06Fh \
  -ABANK1=0A0h-0EFh -ABANK2=0120h-016Fh -ABANK3=01A0h-01EFh \
  -ABANK4=0220h-026Fh -ABANK5=02A0h-02EFh -ABANK6=0320h-036Fh \
  -ABANK7=03A0h-03EFh -ABANK8=0420h-046Fh -ABANK9=04A0h-04EFh \
  -ABANK10=0520h-056Fh -ABANK11=05A0h-05EFh -ABANK12=0620h-066Fh \
  -ABANK13=06A0h-06EFh -ABANK14=0720h-076Fh -ABANK15=07A0h-07EFh \
  -ABANK16=0820h-086Fh -ABANK17=08A0h-08EFh -ABANK18=0920h-096Fh \
  -ABANK19=09A0h-09EFh -ABANK20=0A20h-0A6Fh -ABANK21=0AA0h-0AEFh \
  -ABANK22=0B20h-0B6Fh -ABANK23=0BA0h-0BEFh -ABANK24=0C20h-0C6Fh \
  -ABANK25=0CA0h-0CBFh -ABIGRAM=02000h-027EFh \
  -ARAM=020h-06Fh,0A0h-0EFh,0120h-016Fh,01A0h-01EFh,0220h-026Fh,02A0h-02EFh,0320h-036Fh,03A0h-03EFh,0420h-046Fh,04A0h-04EFh,0520h-056Fh,05A0h-05EFh,0620h-066Fh,06A0h-06EFh,0720h-076Fh,07A0h-07EFh,0820h-086Fh,08A0h-08EFh,0920h-096Fh,09A0h-09EFh,0A20h-0A6Fh,0AA0h-0AEFh,0B20h-0B6Fh,0BA0h-0BEFh,0C20h-0C6Fh,0CA0h-0CBFh \
  -AABS1=020h-07Fh,0A0h-0EFh,0120h-016Fh,01A0h-01EFh,0220h-026Fh,02A0h-02EFh,0320h-036Fh,03A0h-03EFh,0420h-046Fh,04A0h-04EFh,0520h-056Fh,05A0h-05EFh,0620h-066Fh,06A0h-06EFh,0720h-076Fh,07A0h-07EFh,0820h-086Fh,08A0h-08EFh,0920h-096Fh,09A0h-09EFh,0A20h-0A6Fh,0AA0h-0AEFh,0B20h-0B6Fh,0BA0h-0BEFh,0C20h-0C6Fh,0CA0h-0CBFh \
  -ASFR0=00h-01Fh -ASFR1=080h-09Fh -ASFR2=0100h-011Fh -ASFR3=0180h-019Fh \
  -ASFR4=0200h-021Fh -ASFR5=0280h-029Fh -ASFR6=0300h-031Fh \
  -ASFR7=0380h-039Fh -ASFR8=0400h-041Fh -ASFR9=0480h-049Fh \
  -ASFR10=0500h-051Fh -ASFR11=0580h-059Fh -ASFR12=0600h-061Fh \
  -ASFR13=0680h-069Fh -ASFR14=0700h-071Fh -ASFR15=0780h-079Fh \
  -ASFR16=0800h-081Fh -ASFR17=0880h-089Fh -ASFR18=0900h-091Fh \
  -ASFR19=0980h-099Fh -ASFR20=0A00h-0A1Fh -ASFR21=0A80h-0A9Fh \
  -ASFR22=0B00h-0B1Fh -ASFR23=0B80h-0B9Fh -ASFR24=0C00h-0C1Fh \
  -ASFR25=0C80h-0C9Fh -ASFR26=0D00h-0D6Fh -ASFR27=0D80h-0DEFh \
  -ASFR28=0E00h-0E6Fh -ASFR29=0E80h-0EEFh -ASFR30=0F00h-0F6Fh \
  -ASFR31=0F80h-0FEFh -ASFR32=01000h-0106Fh -ASFR33=01080h-010EFh \
  -ASFR34=01100h-0116Fh -ASFR35=01180h-011EFh -ASFR36=01200h-0126Fh \
  -ASFR37=01280h-012EFh -ASFR38=01300h-0136Fh -ASFR39=01380h-013EFh \
  -ASFR40=01400h-0146Fh -ASFR41=01480h-014EFh -ASFR42=01500h-0156Fh \
  -ASFR43=01580h-015EFh -ASFR44=01600h-0166Fh -ASFR45=01680h-016EFh \
  -ASFR46=01700h-0176Fh -ASFR47=01780h-017EFh -ASFR48=01800h-0186Fh \
  -ASFR49=01880h-018EFh -ASFR50=01900h-0196Fh -ASFR51=01980h-019EFh \
  -ASFR52=01A00h-01A6Fh -ASFR53=01A80h-01AEFh -ASFR54=01B00h-01B6Fh \
  -ASFR55=01B80h-01BEFh -ASFR56=01C00h-01C6Fh -ASFR57=01C80h-01CEFh \
  -ASFR58=01D00h-01D6Fh -ASFR59=01D80h-01DEFh -ASFR60=01E00h-01E6Fh \
  -ASFR61=01E80h-01EEFh -ASFR62=01F00h-01F6Fh -ASFR63=01F80h-01FEFh \
  -ACONFIG=08007h-0800Bh -DCONFIG=2 -AIDLOC=08000h-08003h -DIDLOC=2 \
  -preset_vec=00h,intentry=04h,init,end_init -ppowerup=CODE -pcinit=CODE \
  -pfunctab=ENTRY -AEEDATA=00h-0FFh/0F000h -peeprom_data=EEDATA -DEEDATA=2 \
  -DCODE=2 -DSTRCODE=2 -DSTRING=2 -DCONST=2 -DENTRY=2 -k \
  C:\Users\Phil\AppData\Local\Temp\s1ukmo.o \
  dist/default/production\BluJoy.X.production.o 

Object code version is 3.11

Machine type is 16LF18446



                Name                               Link     Load   Length Selector   Space Scale
C:\Users\Phil\AppData\Local\Temp\s1ukmo.o
                end_init                             5B       5B        2        8       0
                reset_vec                             0        0        2        0       0
                config                             8007     8007        5        0       4
dist/default/production\BluJoy.X.production.o
                cinit                                5D       5D       44        8       0
                intentry                              4        4       57        8       0
                config                             8007     8007        5        0       4
                text151                            1D43     1D43       1B     3A86       0
                text150                            19F3     19F3        4     33E6       0
                text149                            19E0     19E0        1     33C0       0
                text148                            19F7     19F7        4     33EE       0
                text147                            137A     137A       41     26F4       0
                text146                            1F6E     1F6E       23     3EDC       0
                text145                            1A3F     1A3F        9     347E       0
                text144                            1B67     1B67        F     36CE       0
                text143                            19E1     19E1        1     33C2       0
                text142                            1AF1     1AF1        C     35E2       0
                text141                            19E2     19E2        1     33C4       0
                text140                            1B76     1B76        F     36EC       0
                text139                            1BA4     1BA4       11     3748       0
                text138                            1517     1517       54     2A2E       0
                text137                            106A     106A       2C     20D4       0
                text136                            16D9     16D9       61     2DB2       0
                text135                            129B     129B       34     2536       0
                text134                            1149     1149       2F     2292       0
                text133                            167A     167A       5F     2CF4       0
                text132                            1E2B     1E2B       1F     3C56       0
                text131                             C94      C94       9E     1928       0
                text130                            103F     103F       2B     207E       0
                text129                            1A48     1A48        9     3490       0
                text128                            1096     1096       2C     212C       0
                text127                            1EC9     1EC9       21     3D92       0
                text126                            1CC3     1CC3       19     3986       0
                text125                            1CAB     1CAB       18     3956       0
                text124                             BF9      BF9       9B     17F2       0
                text123                             DDA      DDA       B1     1BB4       0
                text122                            1268     1268       33     24D0       0
                text121                             B69      B69       90     16D2       0
                text120                             AE4      AE4       85     15C8       0
                text119                            1C0A     1C0A       12     3814       0
                text118                             5D2      5D2       CD        8       0
                text117                            1C1C     1C1C       12     3838       0
                text116                            10C2     10C2       2C     2184       0
                text115                            1A51     1A51        9     34A2       0
                text114                            1AB4     1AB4        A     3568       0
                text113                            1000     1000       16     1E7C       0
                text112                            1BB5     1BB5       11     376A       0
                text111                            1ABE     1ABE        A     357C       0
                text110                            1D7A     1D7A       1D     3AF4       0
                text109                             766      766       92        8       0
                text108                            19E3     19E3        1     33C6       0
                text107                            1B09     1B09        D     3612       0
                text106                            1BC6     1BC6       11     378C       0
                text105                            1B3D     1B3D        E     367A       0
                text104                            1E69     1E69       20     3CD2       0
                text103                               2        2        1        0       0
                text102                            1B16     1B16        D     362C       0
                text101                            19FB     19FB        6     33F6       0
                text100                            133F     133F       3B     267E       0
                text99                                3        3        1        6       0
                text98                             1B23     1B23        D     3646       0
                text97                             1BD7     1BD7       11     37AE       0
                text96                             1B4B     1B4B        E     3696       0
                text94                             1D5E     1D5E       1C     3ABC       0
                text93                             1A5A     1A5A        9     34B4       0
                text92                             1A63     1A63        9     34C6       0
                text91                             1A6C     1A6C        9     34D8       0
                text90                             1A75     1A75        9     34EA       0
                text89                             1A01     1A01        6     3402       0
                text88                             143E     143E       46     287C       0
                text87                             1A7E     1A7E        9     34FC       0
                text86                             1A07     1A07        6     340E       0
                text85                             1A0D     1A0D        6     341A       0
                text84                             1484     1484       46     2908       0
                text83                             1AC8     1AC8        A     3590       0
                text82                             1A13     1A13        6     3426       0
                text81                             1EEA     1EEA       21     3DD4       0
                text80                             1A19     1A19        6     3432       0
                text79                             1C94     1C94       17     3928       0
                text78                             1A1F     1A1F        6     343E       0
                text77                             1F0B     1F0B       21     3E16       0
                text76                             1CDC     1CDC       19     39B8       0
                text75                             1A87     1A87        9     350E       0
                text74                             1BE8     1BE8       11     37D0       0
                text73                             1DD1     1DD1       1E     3BA2       0
                text72                             13BB     13BB       41     2776       0
                text71                             1DEF     1DEF       1E     3BDE       0
                text70                             1AFD     1AFD        C     35FA       0
                text69                             19E4     19E4        3     33C8       0
                text68                             19E7     19E7        3     33CE       0
                text67                              973      973       74     12E6       0
                text66                             1E89     1E89       20     3D12       0
                text65                              A63      A63       81     14C6       0
                text64                             1C2E     1C2E       12     385C       0
                text63                              E8B      E8B       B3     1D16       0
                text62                             173A     173A       62     2E74       0
                text61                             12CF     12CF       38     259E       0
                text60                             1237     1237       31     246E       0
                text59                              505      505       CD        8       0
                text58                             11A7     11A7       30     234E       0
                text57                             1A90     1A90        9     3520       0
                text56                             11D7     11D7       30     23AE       0
                text55                             111B     111B       2E     2236       0
                text54                             1CF5     1CF5       1A     39EA       0
                text53                             1F2C     1F2C       21     3E58       0
                text52                              F3E      F3E       C2     1E7C       0
                text51                             1D97     1D97       1D     3B2E       0
                text50                             1D0F     1D0F       1A     3A1E       0
                text49                              434      434       D1        8       0
                text48                             1FD9     1FD9       27     3FB2       0
                text47                             1DB4     1DB4       1D     3B68       0
                text46                             1178     1178       2F     22F0       0
                text45                             1B85     1B85        F     370A       0
                text44                             13FC     13FC       42     27F8       0
                text43                             19EA     19EA        3     33D4       0
                text42                             179C     179C       64     2F38       0
                text41                             1E0D     1E0D       1E     3C1A       0
                text40                             156B     156B       54     2AD6       0
                text39                             14CA     14CA       4D     2994       0
                text38                             1B30     1B30        D     3660       0
                text37                             1E4A     1E4A       1F     3C94       0
                text36                             10EE     10EE       2D     21DC       0
                text35                             1FB4     1FB4       25     3F68       0
                text34                             1307     1307       38     260E       0
                text33                             1016     1016       29     202C       0
                text32                             19ED     19ED        3     33DA       0
                text31                             1A99     1A99        9     3532       0
                text30                             1C40     1C40       15     3880       0
                text29                              800      800       31     1000       0
                text28                             1AA2     1AA2        9     3544       0
                text27                              9E7      9E7       7C     13CE       0
                text26                             1F4D     1F4D       21     3E9A       0
                text25                             1F91     1F91       23     3F22       0
                text24                             1D29     1D29       1A     3A52       0
                text23                              895      895       6D     112A       0
                text22                             161C     161C       5E     2C38       0
                text21                              363      363       D1        8       0
                text20                             19F0     19F0        3     33E0       0
                text19                             1BF9     1BF9       11     37F2       0
                text18                             1AD2     1AD2        A     35A4       0
                text17                             1AE6     1AE6        B     35CC       0
                text16                             1C55     1C55       15     38AA       0
                text15                             1A31     1A31        7     3462       0
                text14                             1A38     1A38        7     3470       0
                text13                             1C6A     1C6A       15     38D4       0
                text12                             1207     1207       30     240E       0
                text11                              27D      27D       E6        8       0
                text10                              831      831       64     1062       0
                text9                               69F      69F       C7        8       0
                text8                               D32      D32       A8     1A64       0
                text7                                A1       A1      1DC        8       0
                text6                              1EA9     1EA9       20     3D52       0
                text5                              1ADC     1ADC        A     35B8       0
                text4                               902      902       71     1204       0
                text3                              1C7F     1C7F       15     38FE       0
                text2                              1AAB     1AAB        9     3556       0
                text1                              1B94     1B94       10     3728       0
                maintext                           15BF     15BF       5D     2B7E       0
                cstackBANK0                          20       20       1B       20       1
                cstackCOMMON                         70       70        E       70       1
                cstackBANK1                          E8       E8        8       A0       1
                cstackBANK2                         16C      16C        4      120       1
                cstackBANK3                         1E8      1E8        8      1A0       1
                cstackBANK4                         260      260       10      220       1
                clrtext                            1A25     1A25        6     344A       0
                inittext                           1A2B     1A2B        6     3456       0
                bssBANK4                            220      220       40      220       1
                bssBANK3                            1A0      1A0       48      1A0       1
                dataBANK2                           164      164        8      120       1
                bssBANK2                            120      120       3C      120       1
                dataBANK1                            DA       DA        E       A0       1
                bssBANK1                             A0       A0       2A       A0       1
                bssBANK0                             3B       3B       1A       20       1
                bssEEDATA                             0     F000        2    1E000       3
                stringtext15                       2064     2064        2     4000       0
                stringtext14                       2061     2061        3     4000       0
                stringtext13                       205E     205E        3     4000       0
                stringtext12                       205B     205B        3     4000       0
                stringtext11                       2055     2055        6     4000       0
                stringtext10                       204F     204F        6     4000       0
                stringtext9                        2048     2048        7     4000       0
                stringtext8                        203F     203F        9     4000       0
                stringtext7                        2036     2036        9     4000       0
                stringtext6                        202D     202D        9     4000       0
                stringtext5                        2024     2024        9     4000       0
                stringtext4                        201B     201B        9     4000       0
                stringtext3                        2012     2012        9     4000       0
                stringtext2                        2009     2009        9     4000       0
                stringtext1                        2000     2000        9     4000       0
                nvBANK2                             15C      15C        8      120       1
                nvBANK1                              CA       CA       10       A0       1
                nvBANK0                              55       55        1       20       1
                idataBANK2                          7F8      7F8        8        8       0
                idataBANK1                         1B59     1B59        E     36B2       0

TOTAL           Name                               Link     Load   Length     Space
        CLASS   STACK          

        CLASS   CODE           
                end_init                             5B       5B        2         0
                cinit                                5D       5D       44         0
                intentry                              4        4       57         0
                reset_vec                             0        0        2         0
                text151                            1D43     1D43       1B         0
                text150                            19F3     19F3        4         0
                text149                            19E0     19E0        1         0
                text148                            19F7     19F7        4         0
                text147                            137A     137A       41         0
                text146                            1F6E     1F6E       23         0
                text145                            1A3F     1A3F        9         0
                text144                            1B67     1B67        F         0
                text143                            19E1     19E1        1         0
                text142                            1AF1     1AF1        C         0
                text141                            19E2     19E2        1         0
                text140                            1B76     1B76        F         0
                text139                            1BA4     1BA4       11         0
                text138                            1517     1517       54         0
                text137                            106A     106A       2C         0
                text136                            16D9     16D9       61         0
                text135                            129B     129B       34         0
                text134                            1149     1149       2F         0
                text133                            167A     167A       5F         0
                text132                            1E2B     1E2B       1F         0
                text131                             C94      C94       9E         0
                text130                            103F     103F       2B         0
                text129                            1A48     1A48        9         0
                text128                            1096     1096       2C         0
                text127                            1EC9     1EC9       21         0
                text126                            1CC3     1CC3       19         0
                text125                            1CAB     1CAB       18         0
                text124                             BF9      BF9       9B         0
                text123                             DDA      DDA       B1         0
                text122                            1268     1268       33         0
                text121                             B69      B69       90         0
                text120                             AE4      AE4       85         0
                text119                            1C0A     1C0A       12         0
                text118                             5D2      5D2       CD         0
                text117                            1C1C     1C1C       12         0
                text116                            10C2     10C2       2C         0
                text115                            1A51     1A51        9         0
                text114                            1AB4     1AB4        A         0
                text113                            1000     1000       16         0
                text112                            1BB5     1BB5       11         0
                text111                            1ABE     1ABE        A         0
                text110                            1D7A     1D7A       1D         0
                text109                             766      766       92         0
                text108                            19E3     19E3        1         0
                text107                            1B09     1B09        D         0
                text106                            1BC6     1BC6       11         0
                text105                            1B3D     1B3D        E         0
                text104                            1E69     1E69       20         0
                text103                               2        2        1         0
                text102                            1B16     1B16        D         0
                text101                            19FB     19FB        6         0
                text100                            133F     133F       3B         0
                text99                                3        3        1         0
                text98                             1B23     1B23        D         0
                text97                             1BD7     1BD7       11         0
                text96                             1B4B     1B4B        E         0
                text94                             1D5E     1D5E       1C         0
                text93                             1A5A     1A5A        9         0
                text92                             1A63     1A63        9         0
                text91                             1A6C     1A6C        9         0
                text90                             1A75     1A75        9         0
                text89                             1A01     1A01        6         0
                text88                             143E     143E       46         0
                text87                             1A7E     1A7E        9         0
                text86                             1A07     1A07        6         0
                text85                             1A0D     1A0D        6         0
                text84                             1484     1484       46         0
                text83                             1AC8     1AC8        A         0
                text82                             1A13     1A13        6         0
                text81                             1EEA     1EEA       21         0
                text80                             1A19     1A19        6         0
                text79                             1C94     1C94       17         0
                text78                             1A1F     1A1F        6         0
                text77                             1F0B     1F0B       21         0
                text76                             1CDC     1CDC       19         0
                text75                             1A87     1A87        9         0
                text74                             1BE8     1BE8       11         0
                text73                             1DD1     1DD1       1E         0
                text72                             13BB     13BB       41         0
                text71                             1DEF     1DEF       1E         0
                text70                             1AFD     1AFD        C         0
                text69                             19E4     19E4        3         0
                text68                             19E7     19E7        3         0
                text67                              973      973       74         0
                text66                             1E89     1E89       20         0
                text65                              A63      A63       81         0
                text64                             1C2E     1C2E       12         0
                text63                              E8B      E8B       B3         0
                text62                             173A     173A       62         0
                text61                             12CF     12CF       38         0
                text60                             1237     1237       31         0
                text59                              505      505       CD         0
                text58                             11A7     11A7       30         0
                text57                             1A90     1A90        9         0
                text56                             11D7     11D7       30         0
                text55                             111B     111B       2E         0
                text54                             1CF5     1CF5       1A         0
                text53                             1F2C     1F2C       21         0
                text52                              F3E      F3E       C2         0
                text51                             1D97     1D97       1D         0
                text50                             1D0F     1D0F       1A         0
                text49                              434      434       D1         0
                text48                             1FD9     1FD9       27         0
                text47                             1DB4     1DB4       1D         0
                text46                             1178     1178       2F         0
                text45                             1B85     1B85        F         0
                text44                             13FC     13FC       42         0
                text43                             19EA     19EA        3         0
                text42                             179C     179C       64         0
                text41                             1E0D     1E0D       1E         0
                text40                             156B     156B       54         0
                text39                             14CA     14CA       4D         0
                text38                             1B30     1B30        D         0
                text37                             1E4A     1E4A       1F         0
                text36                             10EE     10EE       2D         0
                text35                             1FB4     1FB4       25         0
                text34                             1307     1307       38         0
                text33                             1016     1016       29         0
                text32                             19ED     19ED        3         0
                text31                             1A99     1A99        9         0
                text30                             1C40     1C40       15         0
                text29                              800      800       31         0
                text28                             1AA2     1AA2        9         0
                text27                              9E7      9E7       7C         0
                text26                             1F4D     1F4D       21         0
                text25                             1F91     1F91       23         0
                text24                             1D29     1D29       1A         0
                text23                              895      895       6D         0
                text22                             161C     161C       5E         0
                text21                              363      363       D1         0
                text20                             19F0     19F0        3         0
                text19                             1BF9     1BF9       11         0
                text18                             1AD2     1AD2        A         0
                text17                             1AE6     1AE6        B         0
                text16                             1C55     1C55       15         0
                text15                             1A31     1A31        7         0
                text14                             1A38     1A38        7         0
                text13                             1C6A     1C6A       15         0
                text12                             1207     1207       30         0
                text11                              27D      27D       E6         0
                text10                              831      831       64         0
                text9                               69F      69F       C7         0
                text8                               D32      D32       A8         0
                text7                                A1       A1      1DC         0
                text6                              1EA9     1EA9       20         0
                text5                              1ADC     1ADC        A         0
                text4                               902      902       71         0
                text3                              1C7F     1C7F       15         0
                text2                              1AAB     1AAB        9         0
                text1                              1B94     1B94       10         0
                maintext                           15BF     15BF       5D         0
                clrtext                            1A25     1A25        6         0
                inittext                           1A2B     1A2B        6         0
                idataBANK2                          7F8      7F8        8         0
                idataBANK1                         1B59     1B59        E         0

        CLASS   STRCODE        
                stringtext15                       2064     2064        2         0
                stringtext14                       2061     2061        3         0
                stringtext13                       205E     205E        3         0
                stringtext12                       205B     205B        3         0
                stringtext11                       2055     2055        6         0
                stringtext10                       204F     204F        6         0
                stringtext9                        2048     2048        7         0
                stringtext8                        203F     203F        9         0
                stringtext7                        2036     2036        9         0
                stringtext6                        202D     202D        9         0
                stringtext5                        2024     2024        9         0
                stringtext4                        201B     201B        9         0
                stringtext3                        2012     2012        9         0
                stringtext2                        2009     2009        9         0
                stringtext1                        2000     2000        9         0

        CLASS   STRING         

        CLASS   CONST          

        CLASS   ENTRY          

        CLASS   COMMON         
                cstackCOMMON                         70       70        E         1

        CLASS   BANK0          
                cstackBANK0                          20       20       1B         1
                bssBANK0                             3B       3B       1A         1
                nvBANK0                              55       55        1         1

        CLASS   BANK1          
                cstackBANK1                          E8       E8        8         1
                dataBANK1                            DA       DA        E         1
                bssBANK1                             A0       A0       2A         1
                nvBANK1                              CA       CA       10         1

        CLASS   BANK2          
                cstackBANK2                         16C      16C        4         1
                dataBANK2                           164      164        8         1
                bssBANK2                            120      120       3C         1
                nvBANK2                             15C      15C        8         1

        CLASS   BANK3          
                cstackBANK3                         1E8      1E8        8         1
                bssBANK3                            1A0      1A0       48         1

        CLASS   BANK4          
                cstackBANK4                         260      260       10         1
                bssBANK4                            220      220       40         1

        CLASS   BANK5          

        CLASS   BANK6          

        CLASS   BANK7          

        CLASS   BANK8          

        CLASS   BANK9          

        CLASS   BANK10         

        CLASS   BANK11         

        CLASS   BANK12         

        CLASS   BANK13         

        CLASS   BANK14         

        CLASS   BANK15         

        CLASS   BANK16         

        CLASS   BANK17         

        CLASS   BANK18         

        CLASS   BANK19         

        CLASS   BANK20         

        CLASS   BANK21         

        CLASS   BANK22         

        CLASS   BANK23         

        CLASS   BANK24         

        CLASS   BANK25         

        CLASS   BIGRAM         

        CLASS   RAM            

        CLASS   ABS1           
                abs_s1                               7E       7E        2         1

        CLASS   SFR0           

        CLASS   SFR1           

        CLASS   SFR2           

        CLASS   SFR3           

        CLASS   SFR4           

        CLASS   SFR5           

        CLASS   SFR6           

        CLASS   SFR7           

        CLASS   SFR8           

        CLASS   SFR9           

        CLASS   SFR10          

        CLASS   SFR11          

        CLASS   SFR12          

        CLASS   SFR13          

        CLASS   SFR14          

        CLASS   SFR15          

        CLASS   SFR16          

        CLASS   SFR17          

        CLASS   SFR18          

        CLASS   SFR19          

        CLASS   SFR20          

        CLASS   SFR21          

        CLASS   SFR22          

        CLASS   SFR23          

        CLASS   SFR24          

        CLASS   SFR25          

        CLASS   SFR26          

        CLASS   SFR27          

        CLASS   SFR28          

        CLASS   SFR29          

        CLASS   SFR30          

        CLASS   SFR31          

        CLASS   SFR32          

        CLASS   SFR33          

        CLASS   SFR34          

        CLASS   SFR35          

        CLASS   SFR36          

        CLASS   SFR37          

        CLASS   SFR38          

        CLASS   SFR39          

        CLASS   SFR40          

        CLASS   SFR41          

        CLASS   SFR42          

        CLASS   SFR43          

        CLASS   SFR44          

        CLASS   SFR45          

        CLASS   SFR46          

        CLASS   SFR47          

        CLASS   SFR48          

        CLASS   SFR49          

        CLASS   SFR50          

        CLASS   SFR51          

        CLASS   SFR52          

        CLASS   SFR53          

        CLASS   SFR54          

        CLASS   SFR55          

        CLASS   SFR56          

        CLASS   SFR57          

        CLASS   SFR58          

        CLASS   SFR59          

        CLASS   SFR60          

        CLASS   SFR61          

        CLASS   SFR62          

        CLASS   SFR63          

        CLASS   CONFIG         
                config                             8007     8007        5         4

        CLASS   IDLOC          

        CLASS   EEDATA         
                bssEEDATA                             0     F000        2         3

        CLASS   BANK63         

        CLASS   BANK62         

        CLASS   BANK61         

        CLASS   BANK60         

        CLASS   BANK59         

        CLASS   BANK58         

        CLASS   BANK57         

        CLASS   BANK56         

        CLASS   BANK55         

        CLASS   BANK54         

        CLASS   BANK53         

        CLASS   BANK52         

        CLASS   BANK51         

        CLASS   BANK50         

        CLASS   BANK49         

        CLASS   BANK48         

        CLASS   BANK47         

        CLASS   BANK46         

        CLASS   BANK45         

        CLASS   BANK44         

        CLASS   BANK43         

        CLASS   BANK42         

        CLASS   BANK41         

        CLASS   BANK40         

        CLASS   BANK39         

        CLASS   BANK38         

        CLASS   BANK37         

        CLASS   BANK36         

        CLASS   BANK35         

        CLASS   BANK34         

        CLASS   BANK33         

        CLASS   BANK32         

        CLASS   BANK31         

        CLASS   BANK30         

        CLASS   BANK29         

        CLASS   BANK28         

        CLASS   BANK27         

        CLASS   BANK26         



SEGMENTS        Name                           Load    Length   Top    Selector   Space  Class     Delta

                reset_vec                      000000  000003  000003         0       0  CODE        2
                text99                         000003  000001  000004         6       0  CODE        2
                intentry                       000004  0007FC  000800         8       0  CODE        2
                cstackBANK0                    000020  000036  000056        20       1  BANK0       1
                cstackCOMMON                   000070  00000E  00007E        70       1  COMMON      1
                bssBANK1                       0000A0  000050  0000F0        A0       1  BANK1       1
                bssBANK2                       000120  000050  000170       120       1  BANK2       1
                bssBANK3                       0001A0  000050  0001F0       1A0       1  BANK3       1
                bssBANK4                       000220  000050  000270       220       1  BANK4       1
                text29                         000800  000031  000831      1000       0  CODE        2
                text10                         000831  000064  000895      1062       0  CODE        2
                text23                         000895  00006D  000902      112A       0  CODE        2
                text4                          000902  000071  000973      1204       0  CODE        2
                text67                         000973  000074  0009E7      12E6       0  CODE        2
                text27                         0009E7  00007C  000A63      13CE       0  CODE        2
                text65                         000A63  000081  000AE4      14C6       0  CODE        2
                text120                        000AE4  000085  000B69      15C8       0  CODE        2
                text121                        000B69  000090  000BF9      16D2       0  CODE        2
                text124                        000BF9  00009B  000C94      17F2       0  CODE        2
                text131                        000C94  00009E  000D32      1928       0  CODE        2
                text8                          000D32  0000A8  000DDA      1A64       0  CODE        2
                text123                        000DDA  0000B1  000E8B      1BB4       0  CODE        2
                text63                         000E8B  0000B3  000F3E      1D16       0  CODE        2
                text52                         000F3E  0000D8  001016      1E7C       0  CODE        2
                text33                         001016  000029  00103F      202C       0  CODE        2
                text130                        00103F  00002B  00106A      207E       0  CODE        2
                text137                        00106A  00002C  001096      20D4       0  CODE        2
                text128                        001096  00002C  0010C2      212C       0  CODE        2
                text116                        0010C2  00002C  0010EE      2184       0  CODE        2
                text36                         0010EE  00002D  00111B      21DC       0  CODE        2
                text55                         00111B  00002E  001149      2236       0  CODE        2
                text134                        001149  00002F  001178      2292       0  CODE        2
                text46                         001178  00002F  0011A7      22F0       0  CODE        2
                text58                         0011A7  000030  0011D7      234E       0  CODE        2
                text56                         0011D7  000030  001207      23AE       0  CODE        2
                text12                         001207  000030  001237      240E       0  CODE        2
                text60                         001237  000031  001268      246E       0  CODE        2
                text122                        001268  000033  00129B      24D0       0  CODE        2
                text135                        00129B  000034  0012CF      2536       0  CODE        2
                text61                         0012CF  000038  001307      259E       0  CODE        2
                text34                         001307  000038  00133F      260E       0  CODE        2
                text100                        00133F  00003B  00137A      267E       0  CODE        2
                text147                        00137A  000041  0013BB      26F4       0  CODE        2
                text72                         0013BB  000041  0013FC      2776       0  CODE        2
                text44                         0013FC  000042  00143E      27F8       0  CODE        2
                text88                         00143E  000046  001484      287C       0  CODE        2
                text84                         001484  000046  0014CA      2908       0  CODE        2
                text39                         0014CA  00004D  001517      2994       0  CODE        2
                text138                        001517  000054  00156B      2A2E       0  CODE        2
                text40                         00156B  000054  0015BF      2AD6       0  CODE        2
                maintext                       0015BF  00005D  00161C      2B7E       0  CODE        2
                text22                         00161C  00005E  00167A      2C38       0  CODE        2
                text133                        00167A  00005F  0016D9      2CF4       0  CODE        2
                text136                        0016D9  000061  00173A      2DB2       0  CODE        2
                text62                         00173A  000062  00179C      2E74       0  CODE        2
                text42                         00179C  000064  001800      2F38       0  CODE        2
                text149                        0019E0  000001  0019E1      33C0       0  CODE        2
                text143                        0019E1  000001  0019E2      33C2       0  CODE        2
                text141                        0019E2  000001  0019E3      33C4       0  CODE        2
                text108                        0019E3  000001  0019E4      33C6       0  CODE        2
                text69                         0019E4  000003  0019E7      33C8       0  CODE        2
                text68                         0019E7  000003  0019EA      33CE       0  CODE        2
                text43                         0019EA  000003  0019ED      33D4       0  CODE        2
                text32                         0019ED  000003  0019F0      33DA       0  CODE        2
                text20                         0019F0  000003  0019F3      33E0       0  CODE        2
                text150                        0019F3  000004  0019F7      33E6       0  CODE        2
                text148                        0019F7  000004  0019FB      33EE       0  CODE        2
                text101                        0019FB  000006  001A01      33F6       0  CODE        2
                text89                         001A01  000006  001A07      3402       0  CODE        2
                text86                         001A07  000006  001A0D      340E       0  CODE        2
                text85                         001A0D  000006  001A13      341A       0  CODE        2
                text82                         001A13  000006  001A19      3426       0  CODE        2
                text80                         001A19  000006  001A1F      3432       0  CODE        2
                text78                         001A1F  000006  001A25      343E       0  CODE        2
                clrtext                        001A25  000006  001A2B      344A       0  CODE        2
                inittext                       001A2B  000006  001A31      3456       0  CODE        2
                text15                         001A31  000007  001A38      3462       0  CODE        2
                text14                         001A38  000007  001A3F      3470       0  CODE        2
                text145                        001A3F  000009  001A48      347E       0  CODE        2
                text129                        001A48  000009  001A51      3490       0  CODE        2
                text115                        001A51  000009  001A5A      34A2       0  CODE        2
                text93                         001A5A  000009  001A63      34B4       0  CODE        2
                text92                         001A63  000009  001A6C      34C6       0  CODE        2
                text91                         001A6C  000009  001A75      34D8       0  CODE        2
                text90                         001A75  000009  001A7E      34EA       0  CODE        2
                text87                         001A7E  000009  001A87      34FC       0  CODE        2
                text75                         001A87  000009  001A90      350E       0  CODE        2
                text57                         001A90  000009  001A99      3520       0  CODE        2
                text31                         001A99  000009  001AA2      3532       0  CODE        2
                text28                         001AA2  000009  001AAB      3544       0  CODE        2
                text2                          001AAB  000009  001AB4      3556       0  CODE        2
                text114                        001AB4  00000A  001ABE      3568       0  CODE        2
                text111                        001ABE  00000A  001AC8      357C       0  CODE        2
                text83                         001AC8  00000A  001AD2      3590       0  CODE        2
                text18                         001AD2  00000A  001ADC      35A4       0  CODE        2
                text5                          001ADC  00000A  001AE6      35B8       0  CODE        2
                text17                         001AE6  00000B  001AF1      35CC       0  CODE        2
                text142                        001AF1  00000C  001AFD      35E2       0  CODE        2
                text70                         001AFD  00000C  001B09      35FA       0  CODE        2
                text107                        001B09  00000D  001B16      3612       0  CODE        2
                text102                        001B16  00000D  001B23      362C       0  CODE        2
                text98                         001B23  00000D  001B30      3646       0  CODE        2
                text38                         001B30  00000D  001B3D      3660       0  CODE        2
                text105                        001B3D  00000E  001B4B      367A       0  CODE        2
                text96                         001B4B  00000E  001B59      3696       0  CODE        2
                idataBANK1                     001B59  00000E  001B67      36B2       0  CODE        2
                text144                        001B67  00000F  001B76      36CE       0  CODE        2
                text140                        001B76  00000F  001B85      36EC       0  CODE        2
                text45                         001B85  00000F  001B94      370A       0  CODE        2
                text1                          001B94  000010  001BA4      3728       0  CODE        2
                text139                        001BA4  000011  001BB5      3748       0  CODE        2
                text112                        001BB5  000011  001BC6      376A       0  CODE        2
                text106                        001BC6  000011  001BD7      378C       0  CODE        2
                text97                         001BD7  000011  001BE8      37AE       0  CODE        2
                text74                         001BE8  000011  001BF9      37D0       0  CODE        2
                text19                         001BF9  000011  001C0A      37F2       0  CODE        2
                text119                        001C0A  000012  001C1C      3814       0  CODE        2
                text117                        001C1C  000012  001C2E      3838       0  CODE        2
                text64                         001C2E  000012  001C40      385C       0  CODE        2
                text30                         001C40  000015  001C55      3880       0  CODE        2
                text16                         001C55  000015  001C6A      38AA       0  CODE        2
                text13                         001C6A  000015  001C7F      38D4       0  CODE        2
                text3                          001C7F  000015  001C94      38FE       0  CODE        2
                text79                         001C94  000017  001CAB      3928       0  CODE        2
                text125                        001CAB  000018  001CC3      3956       0  CODE        2
                text126                        001CC3  000019  001CDC      3986       0  CODE        2
                text76                         001CDC  000019  001CF5      39B8       0  CODE        2
                text54                         001CF5  00001A  001D0F      39EA       0  CODE        2
                text50                         001D0F  00001A  001D29      3A1E       0  CODE        2
                text24                         001D29  00001A  001D43      3A52       0  CODE        2
                text151                        001D43  00001B  001D5E      3A86       0  CODE        2
                text94                         001D5E  00001C  001D7A      3ABC       0  CODE        2
                text110                        001D7A  00001D  001D97      3AF4       0  CODE        2
                text51                         001D97  00001D  001DB4      3B2E       0  CODE        2
                text47                         001DB4  00001D  001DD1      3B68       0  CODE        2
                text73                         001DD1  00001E  001DEF      3BA2       0  CODE        2
                text71                         001DEF  00001E  001E0D      3BDE       0  CODE        2
                text41                         001E0D  00001E  001E2B      3C1A       0  CODE        2
                text132                        001E2B  00001F  001E4A      3C56       0  CODE        2
                text37                         001E4A  00001F  001E69      3C94       0  CODE        2
                text104                        001E69  000020  001E89      3CD2       0  CODE        2
                text66                         001E89  000020  001EA9      3D12       0  CODE        2
                text6                          001EA9  000020  001EC9      3D52       0  CODE        2
                text127                        001EC9  000021  001EEA      3D92       0  CODE        2
                text81                         001EEA  000021  001F0B      3DD4       0  CODE        2
                text77                         001F0B  000021  001F2C      3E16       0  CODE        2
                text53                         001F2C  000021  001F4D      3E58       0  CODE        2
                text26                         001F4D  000021  001F6E      3E9A       0  CODE        2
                text146                        001F6E  000023  001F91      3EDC       0  CODE        2
                text25                         001F91  000023  001FB4      3F22       0  CODE        2
                text35                         001FB4  000025  001FD9      3F68       0  CODE        2
                text48                         001FD9  000027  002000      3FB2       0  CODE        2
                stringtext1                    002000  000066  002066      4000       0  STRCODE     2
                bssEEDATA                      00F000  000002  00F002     1E000       3  EEDATA      2


UNUSED ADDRESS RANGES

        Name                Unused          Largest block    Delta
        BANK0            00056-0006F              1A           1
        BANK10           00520-0056F              50           1
        BANK11           005A0-005EF              50           1
        BANK12           00620-0066F              50           1
        BANK13           006A0-006EF              50           1
        BANK14           00720-0076F              50           1
        BANK15           007A0-007EF              50           1
        BANK16           00820-0086F              50           1
        BANK17           008A0-008EF              50           1
        BANK18           00920-0096F              50           1
        BANK19           009A0-009EF              50           1
        BANK20           00A20-00A6F              50           1
        BANK21           00AA0-00AEF              50           1
        BANK22           00B20-00B6F              50           1
        BANK23           00BA0-00BEF              50           1
        BANK24           00C20-00C6F              50           1
        BANK25           00CA0-00CBF              20           1
        BANK5            002A0-002EF              50           1
        BANK6            00320-0036F              50           1
        BANK7            003A0-003EF              50           1
        BANK8            00420-0046F              50           1
        BANK9            004A0-004EF              50           1
        BIGRAM           02000-027EF             7F0           1
        CODE             01800-019DF             1E0           2
                         02066-03FFF             800
        CONST            01800-019DF             100           2
                         02066-03FFF             100
        EEDATA           0F002-0F0FF              FE           2
        ENTRY            01800-019DF             100           2
                         02066-03FFF             100
        IDLOC            08000-08003               4           2
        RAM              00056-0006F              1A           1
                         002A0-002EF              50
                         00320-0036F              50
                         003A0-003EF              50
                         00420-0046F              50
                         004A0-004EF              50
                         00520-0056F              50
                         005A0-005EF              50
                         00620-0066F              50
                         006A0-006EF              50
                         00720-0076F              50
                         007A0-007EF              50
                         00820-0086F              50
                         008A0-008EF              50
                         00920-0096F              50
                         009A0-009EF              50
                         00A20-00A6F              50
                         00AA0-00AEF              50
                         00B20-00B6F              50
                         00BA0-00BEF              50
                         00C20-00C6F              50
                         00CA0-00CBF              20
        SFR0             00000-0001F              20           1
        SFR1             00080-0009F              20           1
        SFR10            00500-0051F              20           1
        SFR11            00580-0059F              20           1
        SFR12            00600-0061F              20           1
        SFR13            00680-0069F              20           1
        SFR14            00700-0071F              20           1
        SFR15            00780-0079F              20           1
        SFR16            00800-0081F              20           1
        SFR17            00880-0089F              20           1
        SFR18            00900-0091F              20           1
        SFR19            00980-0099F              20           1
        SFR2             00100-0011F              20           1
        SFR20            00A00-00A1F              20           1
        SFR21            00A80-00A9F              20           1
        SFR22            00B00-00B1F              20           1
        SFR23            00B80-00B9F              20           1
        SFR24            00C00-00C1F              20           1
        SFR25            00C80-00C9F              20           1
        SFR26            00D00-00D6F              70           1
        SFR27            00D80-00DEF              70           1
        SFR28            00E00-00E6F              70           1
        SFR29            00E80-00EEF              70           1
        SFR3             00180-0019F              20           1
        SFR30            00F00-00F6F              70           1
        SFR31            00F80-00FEF              70           1
        SFR32            01000-0106F              70           1
        SFR33            01080-010EF              70           1
        SFR34            01100-0116F              70           1
        SFR35            01180-011EF              70           1
        SFR36            01200-0126F              70           1
        SFR37            01280-012EF              70           1
        SFR38            01300-0136F              70           1
        SFR39            01380-013EF              70           1
        SFR4             00200-0021F              20           1
        SFR40            01400-0146F              70           1
        SFR41            01480-014EF              70           1
        SFR42            01500-0156F              70           1
        SFR43            01580-015EF              70           1
        SFR44            01600-0166F              70           1
        SFR45            01680-016EF              70           1
        SFR46            01700-0176F              70           1
        SFR47            01780-017EF              70           1
        SFR48            01800-0186F              70           1
        SFR49            01880-018EF              70           1
        SFR5             00280-0029F              20           1
        SFR50            01900-0196F              70           1
        SFR51            01980-019EF              70           1
        SFR52            01A00-01A6F              70           1
        SFR53            01A80-01AEF              70           1
        SFR54            01B00-01B6F              70           1
        SFR55            01B80-01BEF              70           1
        SFR56            01C00-01C6F              70           1
        SFR57            01C80-01CEF              70           1
        SFR58            01D00-01D6F              70           1
        SFR59            01D80-01DEF              70           1
        SFR6             00300-0031F              20           1
        SFR60            01E00-01E6F              70           1
        SFR61            01E80-01EEF              70           1
        SFR62            01F00-01F6F              70           1
        SFR63            01F80-01FEF              70           1
        SFR7             00380-0039F              20           1
        SFR8             00400-0041F              20           1
        SFR9             00480-0049F              20           1
        STACK            02190-027EF             660           1
        STRCODE          01800-019DF             1E0           2
                         02066-03FFF            1F9A
        STRING           01800-019DF             100           2
                         02066-03FFF             100

                                  Symbol Table

?_ADCC_GetSingleConversion                      cstackBANK1  000E8
?_BTTimeRemaining                               cstackBANK1  000E8
?_BTTimeWaiting                                 cstackBANK1  000E8
?___aldiv                                       cstackCOMMON 00070
?___awdiv                                       cstackBANK2  0016C
?___awmod                                       cstackBANK1  000E8
?___lmul                                        cstackCOMMON 00070
?___wmul                                        cstackBANK1  000E8
?_clampInt                                      cstackBANK1  000E8
?_deadband                                      cstackBANK0  00026
?_getTicks                                      cstackBANK1  000E8
?_getTicksSince                                 cstackBANK1  000E8
?_limitSpeed                                    cstackCOMMON 00070
?_strlen                                        cstackBANK1  000E8
?_strncmp                                       cstackBANK1  000E8
?i1_ADCC_GetSingleConversion                    cstackCOMMON 00070
?i1___awdiv                                     cstackCOMMON 00070
?i1___wmul                                      cstackCOMMON 00070
?i1_clampInt                                    cstackCOMMON 00070
?i1_getTicks                                    cstackCOMMON 00070
?i1_getTicksSince                               cstackCOMMON 00070
?i1_strlen                                      cstackCOMMON 00070
ADCC_GetSingleConversion@channel                cstackBANK1  000EB
BTTimeRemaining@elapsed                         cstackBANK2  0016C
EUSART1_Read@readValue                          cstackBANK1  000E9
EUSART1_SetErrorHandler@interruptHandler        cstackBANK1  000E8
EUSART1_SetFramingErrorHandler@interruptHandler cstackBANK1  000E8
EUSART1_SetOverrunErrorHandler@interruptHandler cstackBANK1  000E8
EUSART1_SetRxInterruptHandler@interruptHandler  cstackBANK1  000E8
EUSART1_SetTxInterruptHandler@interruptHandler  cstackBANK1  000E8
EUSART1_Write@txData                            cstackBANK1  000E9
IOCCF0_SetInterruptHandler@InterruptHandler     cstackBANK1  000E8
IOCCF2_SetInterruptHandler@InterruptHandler     cstackBANK1  000E8
TMR1_SetInterruptHandler@InterruptHandler       cstackBANK1  000E8
TMR1_WriteTimer@timerVal                        cstackCOMMON 00070
TMR2_SetInterruptHandler@InterruptHandler       cstackBANK1  000E8
TMR3_SetInterruptHandler@InterruptHandler       cstackBANK1  000E8
TMR3_WriteTimer@timerVal                        cstackCOMMON 00070
_ADACCH                                         (abs)        00097
_ADACCL                                         (abs)        00096
_ADACCU                                         (abs)        00098
_ADACQH                                         (abs)        0010D
_ADACQL                                         (abs)        0010C
_ADACT                                          (abs)        00117
_ADCAP                                          (abs)        0010E
_ADCC_GetSingleConversion                       text64       01C2E
_ADCC_Initialize                                text94       01D5E
_ADCLK                                          (abs)        00118
_ADCNT                                          (abs)        00099
_ADCON0                                         (abs)        00111
_ADCON0bits                                     (abs)        00111
_ADCON1                                         (abs)        00112
_ADCON1bits                                     (abs)        00112
_ADCON2                                         (abs)        00113
_ADCON2bits                                     (abs)        00113
_ADCON3                                         (abs)        00114
_ADCON3bits                                     (abs)        00114
_ADERRH                                         (abs)        00091
_ADERRL                                         (abs)        00090
_ADFLTRH                                        (abs)        00095
_ADFLTRL                                        (abs)        00094
_ADLTHH                                         (abs)        0008D
_ADLTHL                                         (abs)        0008C
_ADPCH                                          (abs)        0009F
_ADPREH                                         (abs)        00110
_ADPREL                                         (abs)        0010F
_ADPREVH                                        (abs)        0009C
_ADPREVL                                        (abs)        0009B
_ADREF                                          (abs)        00116
_ADRESH                                         (abs)        0009E
_ADRESL                                         (abs)        0009D
_ADRPT                                          (abs)        0009A
_ADSTAT                                         (abs)        00115
_ADSTATbits                                     (abs)        00115
_ADSTPTH                                        (abs)        00093
_ADSTPTL                                        (abs)        00092
_ADUTHH                                         (abs)        0008F
_ADUTHL                                         (abs)        0008E
_ANSELA                                         (abs)        01F38
_ANSELB                                         (abs)        01F43
_ANSELC                                         (abs)        01F4E
_BAUD1CON                                       (abs)        0011F
_BTTimeRemaining                                text42       0179C
_BTTimeWaiting                                  text41       01E0D
_BTTimeout                                      bssBANK1     000A4
_B_LED                                          bssBANK0     00045
_EEPROM_uiBrakeMode                             bssEEDATA    00000
_EEPROM_uiSpeedMode                             bssEEDATA    00001
_EUSART1_DefaultErrorHandler                    text150      019F3
_EUSART1_DefaultFramingErrorHandler             text149      019E0
_EUSART1_DefaultOverrunErrorHandler             text148      019F7
_EUSART1_ErrorHandler                           nvBANK2      0015C
_EUSART1_FramingErrorHandler                    nvBANK2      00160
_EUSART1_Initialize                             text88       0143E
_EUSART1_OverrunErrorHandler                    nvBANK2      0015E
_EUSART1_Read                                   text29       00800
_EUSART1_Receive_ISR                            text147      0137A
_EUSART1_RxDataHandler                          text151      01D43
_EUSART1_RxDefaultInterruptHandler              nvBANK2      00162
_EUSART1_SetErrorHandler                        text93       01A5A
_EUSART1_SetFramingErrorHandler                 text92       01A63
_EUSART1_SetOverrunErrorHandler                 text91       01A6C
_EUSART1_SetRxInterruptHandler                  text90       01A75
_EUSART1_SetTxInterruptHandler                  text89       01A01
_EUSART1_Transmit_ISR                           text146      01F6E
_EUSART1_TxDefaultInterruptHandler              nvBANK1      000D2
_EUSART1_Write                                  text58       011A7
_EUSART1_is_rx_ready                            text28       01AA2
_EUSART1_is_tx_ready                            text57       01A90
_G_LED                                          bssBANK0     00046
_INLVLA                                         (abs)        01F3C
_INLVLB                                         (abs)        01F47
_INLVLC                                         (abs)        01F52
_INTCONbits                                     (abs)        0000B
_INTERRUPT_InterruptManager                     intentry     00004
_IOCCF0_DefaultInterruptHandler                 text141      019E2
_IOCCF0_ISR                                     text144      01B67
_IOCCF0_InterruptHandler                        nvBANK1      000D0
_IOCCF0_SetInterruptHandler                     text86       01A07
_IOCCF2_DefaultInterruptHandler                 text143      019E1
_IOCCF2_ISR                                     text140      01B76
_IOCCF2_InterruptHandler                        nvBANK1      000CE
_IOCCF2_SetInterruptHandler                     text85       01A0D
_IOCCFbits                                      (abs)        01F55
_IOCCNbits                                      (abs)        01F54
_IOCCPbits                                      (abs)        01F53
_LATA                                           (abs)        00018
_LATAbits                                       (abs)        00018
_LATB                                           (abs)        00019
_LATBbits                                       (abs)        00019
_LATC                                           (abs)        0001A
_LATCbits                                       (abs)        0001A
_NVMADRH                                        (abs)        0081B
_NVMADRL                                        (abs)        0081A
_NVMCON1bits                                    (abs)        0081E
_NVMCON2                                        (abs)        0081F
_NVMDATH                                        (abs)        0081D
_NVMDATL                                        (abs)        0081C
_ODCONA                                         (abs)        01F3A
_ODCONB                                         (abs)        01F45
_ODCONC                                         (abs)        01F50
_OSCCON1                                        (abs)        0088D
_OSCCON3                                        (abs)        0088F
_OSCEN                                          (abs)        00891
_OSCFRQ                                         (abs)        00893
_OSCILLATOR_Initialize                          text87       01A7E
_OSCTUNE                                        (abs)        00892
_PIE0bits                                       (abs)        00716
_PIE3bits                                       (abs)        00719
_PIE4bits                                       (abs)        0071A
_PIN_MANAGER_IOC                                text139      01BA4
_PIN_MANAGER_Initialize                         text84       01484
_PIR0bits                                       (abs)        0070C
_PIR3bits                                       (abs)        0070F
_PIR4bits                                       (abs)        00710
_PMD0                                           (abs)        00796
_PMD1                                           (abs)        00797
_PMD2                                           (abs)        00798
_PMD3                                           (abs)        00799
_PMD4                                           (abs)        0079A
_PMD5                                           (abs)        0079B
_PMD6                                           (abs)        0079C
_PMD7                                           (abs)        0079D
_PMD_Initialize                                 text83       01AC8
_PORTAbits                                      (abs)        0000C
_PORTBbits                                      (abs)        0000D
_PORTCbits                                      (abs)        0000E
_PR2                                            (abs)        0028D
_RC1REG                                         (abs)        00119
_RC1STA                                         (abs)        0011D
_RC1STAbits                                     (abs)        0011D
_RC4PPS                                         (abs)        01F24
_RC6PPS                                         (abs)        01F26
_RX1DTPPS                                       (abs)        01ECB
_RX_Buffer                                      bssBANK3     001C0
_R_LED                                          bssBANK0     00047
_SLRCONA                                        (abs)        01F3B
_SLRCONB                                        (abs)        01F46
_SLRCONC                                        (abs)        01F51
_SP1BRGH                                        (abs)        0011C
_SP1BRGL                                        (abs)        0011B
_STATUSbits                                     (abs)        00003
_SYSTEM_Initialize                              text76       01CDC
_SetDualReceive                                 text30       01C40
_SetMasterTXRX                                  text13       01C6A
_SetPowerdownTXRX                               text3        01C7F
_SetSlaveTXMasterRX                             text16       01C55
_SetSlaveTXRX                                   text75       01A87
_T1CLK                                          (abs)        00211
_T1CON                                          (abs)        0020E
_T1CONbits                                      (abs)        0020E
_T1GATE                                         (abs)        00210
_T1GCON                                         (abs)        0020F
_T1GCONbits                                     (abs)        0020F
_T2CLKCON                                       (abs)        00290
_T2CON                                          (abs)        0028E
_T2CONbits                                      (abs)        0028E
_T2HLT                                          (abs)        0028F
_T2HLTbits                                      (abs)        0028F
_T2PR                                           (abs)        0028D
_T2RST                                          (abs)        00291
_T2RSTbits                                      (abs)        00291
_T2TMR                                          (abs)        0028C
_T3CLK                                          (abs)        00217
_T3CON                                          (abs)        00214
_T3CONbits                                      (abs)        00214
_T3GATE                                         (abs)        00216
[...]
		None
 Return value:  Size  Location     Type
                  1    wreg      void 
 Registers used:
		wreg, fsr1l, fsr1h, status,2, status,0, pclath, cstack
 Tracked objects:
		On entry : 
		On exit  : 
		Unchanged: 
 Data sizes:     COMMON   BANK0   BANK1   BANK2   BANK3   BANK4   BANK5   BANK6   BANK7   BANK8   BANK9  BANK10  BANK11  BANK12  BANK13  BANK14  BANK15  BANK16  BANK17  BANK18  BANK19  BANK20  BANK21  BANK22  BANK23  BANK24  BANK25
      Params:         0       0       0       0       0       0       0       0       0       0       0       0       0       0       0       0       0       0       0       0       0       0       0       0       0       0       0
      Locals:         0       0       0       0       0       0       0       0       0       0       0       0       0       0       0       0       0       0       0       0       0       0       0       0       0       0       0
      Temps:          0       0       0       0       0       0       0       0       0       0       0       0       0       0       0       0       0       0       0       0       0       0       0       0       0       0       0
      Totals:         0       0       0       0       0       0       0       0       0       0       0       0       0       0       0       0       0       0       0       0       0       0       0       0       0       0       0
Total ram usage:        0 bytes
 Hardware stack levels used:    1
 Hardware stack levels required when called:    2
 This function calls:
		Absolute function
		_EUSART1_DefaultErrorHandler
		_EUSART1_DefaultFramingErrorHandler
		_EUSART1_DefaultOverrunErrorHandler
		_EUSART1_RxDataHandler
 This function is called by:
		_EUSART1_Initialize
		_INTERRUPT_InterruptManager
 This function uses a non-reentrant model


 *************** function _EUSART1_DefaultOverrunErrorHandler *****************
 Defined at:
		line 251 in file "mcc_generated_files/eusart1.c"
 Parameters:    Size  Location     Type
		None
 Auto vars:     Size  Location     Type
		None
 Return value:  Size  Location     Type
                  1    wreg      void 
 Registers used:
		None
 Tracked objects:
		On entry : 
		On exit  : 
		Unchanged: 
 Data sizes:     COMMON   BANK0   BANK1   BANK2   BANK3   BANK4   BANK5   BANK6   BANK7   BANK8   BANK9  BANK10  BANK11  BANK12  BANK13  BANK14  BANK15  BANK16  BANK17  BANK18  BANK19  BANK20  BANK21  BANK22  BANK23  BANK24  BANK25
      Params:         0       0       0       0       0       0       0       0       0       0       0       0       0       0       0       0       0       0       0       0       0       0       0       0       0       0       0
      Locals:         0       0       0       0       0       0       0       0       0       0       0       0       0       0       0       0       0       0       0       0       0       0       0       0       0       0       0
      Temps:          0       0       0       0       0       0       0       0       0       0       0       0       0       0       0       0       0       0       0       0       0       0       0       0       0       0       0
      Totals:         0       0       0       0       0       0       0       0       0       0       0       0       0       0       0       0       0       0       0       0       0       0       0       0       0       0       0
Total ram usage:        0 bytes
 Hardware stack levels used:    1
 This function calls:
		Nothing
 This function is called by:
		_EUSART1_Initialize
		_EUSART1_Receive_ISR
 This function uses a non-reentrant model


 *************** function _EUSART1_DefaultFramingErrorHandler *****************
 Defined at:
		line 249 in file "mcc_generated_files/eusart1.c"
 Parameters:    Size  Location     Type
		None
 Auto vars:     Size  Location     Type
		None
 Return value:  Size  Location     Type
                  1    wreg      void 
 Registers used:
		None
 Tracked objects:
		On entry : 
		On exit  : 
		Unchanged: 
 Data sizes:     COMMON   BANK0   BANK1   BANK2   BANK3   BANK4   BANK5   BANK6   BANK7   BANK8   BANK9  BANK10  BANK11  BANK12  BANK13  BANK14  BANK15  BANK16  BANK17  BANK18  BANK19  BANK20  BANK21  BANK22  BANK23  BANK24  BANK25
      Params:         0       0       0       0       0       0       0       0       0       0       0       0       0       0       0       0       0       0       0       0       0       0       0       0       0       0       0
      Locals:         0       0       0       0       0       0       0       0       0       0       0       0       0       0       0       0       0       0       0       0       0       0       0       0       0       0       0
      Temps:          0       0       0       0       0       0       0       0       0       0       0       0       0       0       0       0       0       0       0       0       0       0       0       0       0       0       0
      Totals:         0       0       0       0       0       0       0       0       0       0       0       0       0       0       0       0       0       0       0       0       0       0       0       0       0       0       0
Total ram usage:        0 bytes
 Hardware stack levels used:    1
 This function calls:
		Nothing
 This function is called by:
		_EUSART1_Initialize
		_EUSART1_Receive_ISR
 This function uses a non-reentrant model


 *************** function _EUSART1_DefaultErrorHandler *****************
 Defined at:
		line 256 in file "mcc_generated_files/eusart1.c"
 Parameters:    Size  Location     Type
		None
 Auto vars:     Size  Location     Type
		None
 Return value:  Size  Location     Type
                  1    wreg      void 
 Registers used:
		wreg, fsr1l, fsr1h, status,2, status,0, pclath, cstack
 Tracked objects:
		On entry : 
		On exit  : 
		Unchanged: 
 Data sizes:     COMMON   BANK0   BANK1   BANK2   BANK3   BANK4   BANK5   BANK6   BANK7   BANK8   BANK9  BANK10  BANK11  BANK12  BANK13  BANK14  BANK15  BANK16  BANK17  BANK18  BANK19  BANK20  BANK21  BANK22  BANK23  BANK24  BANK25
      Params:         0       0       0       0       0       0       0       0       0       0       0       0       0       0       0       0       0       0       0       0       0       0       0       0       0       0       0
      Locals:         0       0       0       0       0       0       0       0       0       0       0       0       0       0       0       0       0       0       0       0       0       0       0       0       0       0       0
      Temps:          0       0       0       0       0       0       0       0       0       0       0       0       0       0       0       0       0       0       0       0       0       0       0       0       0       0       0
      Totals:         0       0       0       0       0       0       0       0       0       0       0       0       0       0       0       0       0       0       0       0       0       0       0       0       0       0       0
Total ram usage:        0 bytes
 Hardware stack levels used:    1
 Hardware stack levels required when called:    1
 This function calls:
		_EUSART1_RxDataHandler
 This function is called by:
		_EUSART1_Initialize
		_EUSART1_Receive_ISR
 This function uses a non-reentrant model


 *************** function _EUSART1_RxDataHandler *****************
 Defined at:
		line 239 in file "mcc_generated_files/eusart1.c"
 Parameters:    Size  Location     Type
		None
 Auto vars:     Size  Location     Type
		None
 Return value:  Size  Location     Type
                  1    wreg      void 
 Registers used:
		wreg, fsr1l, fsr1h, status,2, status,0
 Tracked objects:
		On entry : 
		On exit  : 
		Unchanged: 
 Data sizes:     COMMON   BANK0   BANK1   BANK2   BANK3   BANK4   BANK5   BANK6   BANK7   BANK8   BANK9  BANK10  BANK11  BANK12  BANK13  BANK14  BANK15  BANK16  BANK17  BANK18  BANK19  BANK20  BANK21  BANK22  BANK23  BANK24  BANK25
      Params:         0       0       0       0       0       0       0       0       0       0       0       0       0       0       0       0       0       0       0       0       0       0       0       0       0       0       0
      Locals:         0       0       0       0       0       0       0       0       0       0       0       0       0       0       0       0       0       0       0       0       0       0       0       0       0       0       0
      Temps:          1       0       0       0       0       0       0       0       0       0       0       0       0       0       0       0       0       0       0       0       0       0       0       0       0       0       0
      Totals:         1       0       0       0       0       0       0       0       0       0       0       0       0       0       0       0       0       0       0       0       0       0       0       0       0       0       0
Total ram usage:        1 bytes
 Hardware stack levels used:    1
 This function calls:
		Nothing
 This function is called by:
		_EUSART1_Receive_ISR
		_EUSART1_DefaultErrorHandler
 This function uses a non-reentrant model



MODULE INFORMATION

Module		Function		Class		Link	Load	Size
serial.c
		_clampInt      		CODE           	12CF	0000	57
		_receiveBTBuffer		CODE           	09E7	0000	125
		_calcCRC       		CODE           	173A	0000	99
		_sendBTString  		CODE           	1F91	0000	36
		_flushBTRXbuffer		CODE           	1F4D	0000	34
		_int16ToBytes  		CODE           	1237	0000	50
		_sendBTSpeedCmd		CODE           	0F3E	0000	195
		_initSerial    		CODE           	1FD9	0000	40
		_sendBTBuffer  		CODE           	11D7	0000	49
		_sendBTEstopCmd		CODE           	1C1C	0000	19
		_int16cat      		CODE           	0505	0000	206

serial.c estimated size: 910

timers.c
		_timeKeeper    		CODE           	1E69	0000	33
		_getTicks      		CODE           	1BE8	0000	18
		_getTicksSince 		CODE           	1DD1	0000	31
		_oneSec        		CODE           	1AE6	0000	12
		_resetBTTimer  		CODE           	1BF9	0000	18
		_initTimers    		CODE           	1DB4	0000	30
		_BTTimeRemaining		CODE           	179C	0000	101
		_BTTimeWaiting 		CODE           	1E0D	0000	31
		_setBTTimeout  		CODE           	1ADC	0000	11
		_sleep         		CODE           	13BB	0000	66

timers.c estimated size: 351

D:\Program Files\Microchip\xc8\v2.20\pic\sources\c99\common\awdiv.c
		___awdiv       		CODE           	0973	0000	117

D:\Program Files\Microchip\xc8\v2.20\pic\sources\c99\common\awdiv.c estimated size: 117

D:\Program Files\Microchip\xc8\v2.20\pic\sources\c99\common\memcpy.c
		_memcpy        		CODE           	1207	0000	49

D:\Program Files\Microchip\xc8\v2.20\pic\sources\c99\common\memcpy.c estimated size: 49

D:\Program Files\Microchip\xc8\v2.20\pic\sources\c99\common\aldiv.c
		___aldiv       		CODE           	0B69	0000	145

D:\Program Files\Microchip\xc8\v2.20\pic\sources\c99\common\aldiv.c estimated size: 145

D:\Program Files\Microchip\xc8\v2.20\pic\sources\c99\common\strstr.c
		_strstr        		CODE           	161C	0000	95

D:\Program Files\Microchip\xc8\v2.20\pic\sources\c99\common\strstr.c estimated size: 95

mcc_generated_files/tmr2.c
		_TMR2_ISR      		CODE           	19FB	0000	7
		_TMR2_Initialize		CODE           	1C94	0000	24
		_TMR2_SetInterruptHandler		CODE           	1A19	0000	7
		_TMR2_DefaultInterruptHandler		CODE           	0002	0000	2
		_TMR2_CallBack 		CODE           	1B16	0000	14

mcc_generated_files/tmr2.c estimated size: 54

mcc_generated_files/interrupt_manager.c
		_INTERRUPT_InterruptManager		CODE           	0004	0000	88

mcc_generated_files/interrupt_manager.c estimated size: 88

D:\Program Files\Microchip\xc8\v2.20\pic\sources\c99\common\Umul32.c
		___lmul        		CODE           	1268	0000	52

D:\Program Files\Microchip\xc8\v2.20\pic\sources\c99\common\Umul32.c estimated size: 52

D:\Program Files\Microchip\xc8\v2.20\pic\sources\c99\pic\__eeprom.c
		___memcpyee    		CODE           	14CA	0000	78
		___eetoc       		CODE           	1B85	0000	16
		___ctoee       		CODE           	1B30	0000	14
		___eecpymem    		CODE           	1178	0000	48

D:\Program Files\Microchip\xc8\v2.20\pic\sources\c99\pic\__eeprom.c estimated size: 156

mcc_generated_files/pin_manager.c
		_IOCCF0_DefaultInterruptHandler		CODE           	19E2	0000	2
		_PIN_MANAGER_Initialize		CODE           	1484	0000	71
		_IOCCF0_ISR    		CODE           	1B67	0000	16
		_IOCCF2_SetInterruptHandler		CODE           	1A0D	0000	7
		_IOCCF0_SetInterruptHandler		CODE           	1A07	0000	7
		_PIN_MANAGER_IOC		CODE           	1BA4	0000	18
		_IOCCF2_DefaultInterruptHandler		CODE           	19E1	0000	2
		_IOCCF2_ISR    		CODE           	1B76	0000	16

mcc_generated_files/pin_manager.c estimated size: 139

ui.c
		_getUISpeedMode		CODE           	19E4	0000	4
		_USER1_pressed 		CODE           	1A31	0000	8
		_showShutdown  		CODE           	1EA9	0000	33
		_USER2_pressed 		CODE           	1A38	0000	8
		_bumpUISpeedMode		CODE           	1307	0000	57
		_getUIType     		CODE           	19E7	0000	4
		_setLEDColor   		CODE           	1E4A	0000	32
		_runUI         		CODE           	00A1	0000	477
		_pulseLEDColor 		CODE           	10EE	0000	46
		_bumpUIType    		CODE           	1016	0000	42
		_showStartup   		CODE           	0902	0000	114
		_blinkLEDColor 		CODE           	1FB4	0000	38
		_UI_PWM_handler		CODE           	133F	0000	60
		_initUI        		CODE           	13FC	0000	67

ui.c estimated size: 990

D:\Program Files\Microchip\xc8\v2.20\pic\sources\c99\common\strcat.c
		_strcat        		CODE           	1F2C	0000	34

D:\Program Files\Microchip\xc8\v2.20\pic\sources\c99\common\strcat.c estimated size: 34

shared
		i1_strcat      		CODE           	1CAB	0000	25
		i1_calcCRC     		CODE           	16D9	0000	98
		i1_setBTTimeout		CODE           	1ABE	0000	11
		i1_ADCC_GetSingleConversion		CODE           	1C0A	0000	19
		i1_sendBTSpeedCmd		CODE           	0BF9	0000	156
		i1_EUSART1_is_rx_ready		CODE           	1A51	0000	10
		i1_EUSART1_is_tx_ready		CODE           	1A48	0000	10
		i1_EUSART1_Read		CODE           	10C2	0000	45
		i1_stopMotion  		CODE           	1D7A	0000	30
		i1_strcpy      		CODE           	1EC9	0000	34
		i1_sendBTBuffer		CODE           	1096	0000	45
		i1_turnPowerOn 		CODE           	1AF1	0000	13
		i1___awdiv     		CODE           	167A	0000	96
		i1___wmul      		CODE           	1E2B	0000	32
		i1_getTicksSince		CODE           	1000	0000	23
		i1_clampInt    		CODE           	129B	0000	53
		__initialization		CODE           	005D	0000	65
		i1_EUSART1_Write		CODE           	103F	0000	44
		i1_int16cat    		CODE           	0C94	0000	159
		i1_strlen      		CODE           	1CC3	0000	26
		i1_resetBTTimer		CODE           	1BB5	0000	18
		i1_getTicks    		CODE           	1AB4	0000	11
		i1_int16ToBytes		CODE           	1149	0000	48
		i1_SetSlaveTXRX		CODE           	1A3F	0000	10

shared estimated size: 1081

mcc_generated_files/eusart1.c
		_EUSART1_SetRxInterruptHandler		CODE           	1A75	0000	10
		_EUSART1_SetTxInterruptHandler		CODE           	1A01	0000	7
		_EUSART1_is_rx_ready		CODE           	1AA2	0000	10
		_EUSART1_is_tx_ready		CODE           	1A90	0000	10
		_EUSART1_Initialize		CODE           	143E	0000	71
		_EUSART1_DefaultErrorHandler		CODE           	19F3	0000	5
		_EUSART1_SetFramingErrorHandler		CODE           	1A63	0000	10
		_EUSART1_Read  		CODE           	0800	0000	50
		_EUSART1_SetOverrunErrorHandler		CODE           	1A6C	0000	10
		_EUSART1_SetErrorHandler		CODE           	1A5A	0000	10
		_EUSART1_Write 		CODE           	11A7	0000	49
		_EUSART1_Receive_ISR		CODE           	137A	0000	66
		_EUSART1_RxDataHandler		CODE           	1D43	0000	28
		_EUSART1_DefaultOverrunErrorHandler		CODE           	19F7	0000	5
		_EUSART1_Transmit_ISR		CODE           	1F6E	0000	36
		_EUSART1_DefaultFramingErrorHandler		CODE           	19E0	0000	2

mcc_generated_files/eusart1.c estimated size: 379

joystick.c
		_readButtonJoystick		CODE           	0DDA	0000	178
		_setJoystickType		CODE           	0E8B	0000	180
		_initJoystick  		CODE           	1D0F	0000	27
		_stopMotion    		CODE           	1D97	0000	30
		_readJoystick  		CODE           	0766	0000	147
		_readPotJoystick		CODE           	05D2	0000	206
		_enableJoystick		CODE           	1AD2	0000	11
		_setJoystickSpeed		CODE           	0A63	0000	130
		_disableJoystick		CODE           	1A99	0000	10
		_limitSpeed    		CODE           	1517	0000	85
		_calculateMotion		CODE           	106A	0000	45
		_deadband      		CODE           	0AE4	0000	134

joystick.c estimated size: 1183

D:\Program Files\Microchip\xc8\v2.20\pic\sources\c99\common\strlen.c
		_strlen        		CODE           	1CF5	0000	27

D:\Program Files\Microchip\xc8\v2.20\pic\sources\c99\common\strlen.c estimated size: 27

mcc_generated_files/mcc.c
		_PMD_Initialize		CODE           	1AC8	0000	11
		_OSCILLATOR_Initialize		CODE           	1A7E	0000	10
		_SYSTEM_Initialize		CODE           	1CDC	0000	26

mcc_generated_files/mcc.c estimated size: 47

mcc_generated_files/tmr3.c
		_TMR3_ISR      		CODE           	1B4B	0000	15
		_TMR3_Initialize		CODE           	1F0B	0000	34
		_TMR3_SetInterruptHandler		CODE           	1A1F	0000	7
		_TMR3_DefaultInterruptHandler		CODE           	0003	0000	2
		_TMR3_CallBack 		CODE           	1B23	0000	14
		_TMR3_WriteTimer		CODE           	1BD7	0000	18

mcc_generated_files/tmr3.c estimated size: 90

D:\Program Files\Microchip\xc8\v2.20\pic\sources\c99\common\strchr.c
		_strchr        		CODE           	1D29	0000	27

D:\Program Files\Microchip\xc8\v2.20\pic\sources\c99\common\strchr.c estimated size: 27

D:\Program Files\Microchip\xc8\v2.20\pic\sources\c99\common\strcpy.c
		_strcpy        		CODE           	111B	0000	47

D:\Program Files\Microchip\xc8\v2.20\pic\sources\c99\common\strcpy.c estimated size: 47

D:\Program Files\Microchip\xc8\v2.20\pic\sources\c99\common\awmod.c
		___awmod       		CODE           	156B	0000	85

D:\Program Files\Microchip\xc8\v2.20\pic\sources\c99\common\awmod.c estimated size: 85

D:\Program Files\Microchip\xc8\v2.20\pic\sources\c99\common\memset.c
		_memset        		CODE           	0434	0000	210

D:\Program Files\Microchip\xc8\v2.20\pic\sources\c99\common\memset.c estimated size: 210

mcc_generated_files/tmr1.c
		_TMR1_Initialize		CODE           	1EEA	0000	34
		_TMR1_SetInterruptHandler		CODE           	1A13	0000	7
		_TMR1_StopTimer		CODE           	19ED	0000	4
		_TMR1_DefaultInterruptHandler		CODE           	19E3	0000	2
		_TMR1_CallBack 		CODE           	1B09	0000	14
		_TMR1_WriteTimer		CODE           	1BC6	0000	18
		_TMR1_StartTimer		CODE           	19F0	0000	4
		_TMR1_ISR      		CODE           	1B3D	0000	15

mcc_generated_files/tmr1.c estimated size: 98

D:\Program Files\Microchip\xc8\v2.20\pic\sources\c99\common\strncmp.c
		_strncmp       		CODE           	0895	0000	110

D:\Program Files\Microchip\xc8\v2.20\pic\sources\c99\common\strncmp.c estimated size: 110

mcc_generated_files/adcc.c
		_ADCC_GetSingleConversion		CODE           	1C2E	0000	19
		_ADCC_Initialize		CODE           	1D5E	0000	29

mcc_generated_files/adcc.c estimated size: 48

main.c
		_main          		CODE           	15BF	0000	94

main.c estimated size: 94

configure.c
		_turnPowerOn   		CODE           	1B94	0000	17
		_SetDualReceive		CODE           	1C40	0000	22
		_turnPowerOff  		CODE           	1AAB	0000	10
		_pairBluetoothDevices		CODE           	0D32	0000	169
		_powerIsOn     		CODE           	19EA	0000	4
		_SetSlaveTXMasterRX		CODE           	1C55	0000	22
		_SetSlaveTXRX  		CODE           	1A87	0000	10
		_SetPowerdownTXRX		CODE           	1C7F	0000	22
		_doFactoryReset		CODE           	0363	0000	210
		_setBTBaudRatesTo38400		CODE           	0831	0000	101
		_setSerialBaud 		CODE           	1DEF	0000	31
		_setBTConnection		CODE           	069F	0000	200
		_getBTAddress  		CODE           	027D	0000	231
		_initConfiguration		CODE           	1AFD	0000	13
		_SetMasterTXRX 		CODE           	1C6A	0000	22

configure.c estimated size: 1084

D:\Program Files\Microchip\xc8\v2.20\pic\sources\c99\common\Umul16.c
		___wmul        		CODE           	1E89	0000	33

D:\Program Files\Microchip\xc8\v2.20\pic\sources\c99\common\Umul16.c estimated size: 33

